[www.alhokail.com.sa/ar/قراءة-التحاليل-الطبية-دليلك-لفهم-نتائ.html]
[backblue.gif]
[fade.gif]
[index.html]
[www.alhokail.com.sa/ar/feed]
[www.alhokail.com.sa/ar/comments/feed]
[www.alhokail.com.sa/wp-content/plugins/header-footer-elementor/inc/widgets-css/frontenda489.css]
[www.alhokail.com.sa/wp-content/plugins/contact-form-7/includes/css/stylesb5e1.css]
[www.alhokail.com.sa/wp-content/plugins/g-business-reviews-rating/wp/css/cssb34e.css]
[www.alhokail.com.sa/wp-content/uploads/useanyfont/uafac3c.css]
[www.alhokail.com.sa/wp-content/plugins/header-footer-elementor/assets/css/header-footer-elementora489.css]
[www.alhokail.com.sa/wp-content/plugins/elementor/assets/css/frontend.min05da.css]
[www.alhokail.com.sa/wp-content/uploads/2025/10/39.jpg]
[www.alhokail.com.sa/wp-content/uploads/elementor/css/post-891c795.css]
[www.alhokail.com.sa/wp-content/plugins/sticky-header-effects-for-elementor/assets/css/she-header-stylecc91.css]
[www.alhokail.com.sa/wp-content/uploads/elementor/css/base-desktop950a.css]
[www.alhokail.com.sa/wp-content/uploads/elementor/css/post-6147c795.css]
[www.alhokail.com.sa/wp-content/uploads/elementor/css/post-59461c5f.css]
[www.alhokail.com.sa/wp-content/themes/hello-elementor/assets/css/resetedb1.css]
[www.alhokail.com.sa/wp-content/themes/hello-elementor/assets/css/themeedb1.css]
[www.alhokail.com.sa/wp-content/themes/hello-elementor/assets/css/header-footeredb1.css]
[www.alhokail.com.sa/wp-content/plugins/elementor/assets/css/widget-spacer-rtl.min05da.css]
[www.alhokail.com.sa/wp-content/plugins/elementor/assets/css/conditionals/shapes.min05da.css]
[www.alhokail.com.sa/wp-content/plugins/elementor/assets/css/widget-heading-rtl.min05da.css]
[www.alhokail.com.sa/wp-content/plugins/elementor-pro/assets/css/widget-post-info-rtl.min05da.css]
[www.alhokail.com.sa/wp-content/plugins/elementor/assets/css/widget-icon-list-rtl.min05da.css]
[www.alhokail.com.sa/wp-content/plugins/elementor-pro/assets/css/widget-share-buttons-rtl.min05da.css]
[www.alhokail.com.sa/wp-content/plugins/elementor/assets/css/conditionals/apple-webkit.min05da.css]
[www.alhokail.com.sa/wp-content/plugins/elementor-pro/assets/css/widget-author-box-rtl.min05da.css]
[www.alhokail.com.sa/wp-content/plugins/elementor-pro/assets/css/modules/motion-fx.min05da.css]
[www.alhokail.com.sa/wp-content/plugins/elementor-pro/assets/css/widget-posts-rtl.min05da.css]
[www.alhokail.com.sa/wp-content/uploads/elementor/css/post-15908f2f0.css]
[www.alhokail.com.sa/wp-content/plugins/elementor/assets/lib/eicons/css/elementor-icons.min705c.css]
[www.alhokail.com.sa/wp-content/plugins/elementor/assets/css/widget-icon-list.min44b4.css]
[www.alhokail.com.sa/wp-content/plugins/elementor/assets/css/widget-social-icons.min2401.css]
[www.alhokail.com.sa/wp-content/plugins/elementor/assets/lib/font-awesome/css/brands52d5.css]
[www.alhokail.com.sa/wp-content/plugins/elementor/assets/lib/font-awesome/css/fontawesome52d5.css]
[www.alhokail.com.sa/wp-content/plugins/elementor/assets/lib/font-awesome/css/solid52d5.css]
[www.alhokail.com.sa/wp-content/plugins/elementor-pro/assets/css/widget-blockquote.min503b.css]
[www.alhokail.com.sa/wp-content/plugins/elementor-pro/assets/css/widget-mega-menu.min9e35.css]
[www.alhokail.com.sa/wp-content/plugins/elementor-pro/assets/css/widget-nav-menu.min42e3.css]
[www.alhokail.com.sa/wp-content/plugins/elementskit-lite/widgets/init/assets/css/widget-stylesa560.css]
[www.alhokail.com.sa/wp-content/plugins/elementskit-lite/widgets/init/assets/css/responsivea560.css]
[www.alhokail.com.sa/wp-content/plugins/elementskit-lite/widgets/init/assets/css/rtla560.css]
[www.alhokail.com.sa/wp-content/plugins/elementskit-lite/modules/elementskit-icon-pack/assets/css/ekiticonsa560.css]
[www.alhokail.com.sa/wp-includes/js/jquery/jquery.minf43b.js]
[www.alhokail.com.sa/wp-includes/js/jquery/jquery-migrate.min5589.js]
[www.alhokail.com.sa/wp-content/plugins/g-business-reviews-rating/wp/js/jsb34e.js]
[www.alhokail.com.sa/wp-content/plugins/sticky-header-effects-for-elementor/assets/js/she-headercc91.js]
[www.alhokail.com.sa/apple-icon-72x72.38.delayed]
[www.alhokail.com.sa/apple-icon-76x76.png]
[www.alhokail.com.sa/apple-icon-114x114.png]
[www.alhokail.com.sa/apple-icon-120x120.png]
[www.alhokail.com.sa/apple-icon-144x144.png]
[www.alhokail.com.sa/apple-icon-152x152.png]
[www.alhokail.com.sa/apple-icon-180x180.png]
[www.alhokail.com.sa/android-icon-192x192.png]
[www.alhokail.com.sa/favicon-32x32.png]
[www.alhokail.com.sa/favicon-96x96.png]
[www.alhokail.com.sa/favicon-16x16.png]
[www.alhokail.com.sa/ar/home-page.html]
[www.alhokail.com.sa/wp-content/uploads/2023/10/hokail-logo-1.png]
[www.alhokail.com.sa/ar/about-us-2.html]
[www.alhokail.com.sa/ar/specialized-digital-polyclinic-dammam-2.html]
[www.alhokail.com.sa/ar/specialized-digital-polyclinic-yarmouk-2.html]
[www.alhokail.com.sa/ar/specialized-digital-polyclinic-ahsaa-2-2.html]
[www.alhokail.com.sa/ar/specialized-digital-polyclinic-jubail-2.html]
[www.alhokail.com.sa/ar/مجمع-عيادات-الرياض-التخصصي-الرقمي.html]
[www.alhokail.com.sa/ar/specialized-digital-polyclinic-bandariyah-2.html]
[www.alhokail.com.sa/ar/ivf-2.html]
[www.alhokail.com.sa/ar/dermatology-and-cosmetics.html]
[www.alhokail.com.sa/ar/dental-and-orthodontics.html]
[www.alhokail.com.sa/ar/plastic-surgery.html]
[www.alhokail.com.sa/ar/gynecology.html]
[www.alhokail.com.sa/ar/hijama.html]
[www.alhokail.com.sa/ar/صحة-الرجال.html]
[www.alhokail.com.sa/ar/general-surgery-2.html]
[www.alhokail.com.sa/ar/hair-transplant-2.html]
[www.alhokail.com.sa/ar/ophthalmology-3.html]
[www.alhokail.com.sa/ar/obesity-and-nutrition.html]
[www.alhokail.com.sa/ar/blogs.html]
[www.alhokail.com.sa/ar/أفضل-مختبر-تحاليل-في-السعودية-دليلك-لا.html]
[www.alhokail.com.sa/wp-content/uploads/2025/10/39.2.jpg]
[www.alhokail.com.sa/ar/التهاب-القولون-أسبابه-وأعراضه-وطرق-ال.html]
[www.alhokail.com.sa/ar/خطورة-الدهون-الثلاثية-ومعدلها-الطبيع.html]
[www.alhokail.com.sa/ar/أنواع-السرطانات-المختلفة-وأهمية-التش.html]
[www.alhokail.com.sa/ar/هشاشة-العظام-الأسباب-والأعراض-وطرق-ال.html]
[www.alhokail.com.sa/ar/مشاكل-جرثومة-المعدة-الأسباب-والأعراض.html]
[www.alhokail.com.sa/wp-content/uploads/2025/10/39.1.jpg]
[www.alhokail.com.sa/ar/الإرهاق-أسبابه،-أعراضه،-وطرق-التشخيص.html]
[maps.gstatic.com/mapfiles/place_api/icons/v1/png_71/hospital-71.png]
[www.alhokail.com.sa/ar/أضرار-كسل-الغدة-الدرقية-الأعراض-والمض.html]
[www.alhokail.com.sa/wp-content/uploads/2025/10/22-768x576.jpg]
[www.alhokail.com.sa/ar/hollywood-smile-and-teeth-whitening.html]
[www.alhokail.com.sa/wp-content/uploads/2024/03/الفرق-بين-ابتسامة-هوليود-وتبييض-الأسنان-768x432.png]
[www.alhokail.com.sa/ar/أهمية-المعادن-للجسم-دليل-شامل-لصحتك-من.html]
[www.alhokail.com.sa/wp-content/uploads/2025/10/21-768x576.jpg]
[www.alhokail.com.sa/wp-content/plugins/connect-polylang-elementor/assets/css/language-switcher.min4468.css]
[www.alhokail.com.sa/wp-content/uploads/elementor/css/post-110871c5f.css]
[www.alhokail.com.sa/wp-content/uploads/elementor/css/post-112301c5f.css]
[www.alhokail.com.sa/wp-content/uploads/elementor/css/post-112401c5f.css]
[www.alhokail.com.sa/wp-content/plugins/elementor-pro/assets/css/widget-form-rtl.min05da.css]
[www.alhokail.com.sa/wp-content/plugins/elementor/assets/css/widget-social-icons-rtl.min05da.css]
[www.alhokail.com.sa/wp-content/plugins/elementor/assets/lib/swiper/v8/css/swiper.min94a4.css]
[www.alhokail.com.sa/wp-content/plugins/elementor/assets/css/conditionals/e-swiper.min05da.css]
[www.alhokail.com.sa/wp-content/plugins/elementskit-lite/widgets/init/assets/js/widget-scriptsa560.js]
[www.alhokail.com.sa/wp-includes/js/dist/hooks.minaf5f.js]
[www.alhokail.com.sa/wp-includes/js/dist/i18n.min1cde.js]
[www.alhokail.com.sa/wp-content/plugins/contact-form-7/includes/swv/js/indexb5e1.js]
[www.alhokail.com.sa/wp-content/plugins/contact-form-7/includes/js/indexb5e1.js]
[www.alhokail.com.sa/wp-content/plugins/duracelltomi-google-tag-manager/dist/js/gtm4wp-contact-form-7-tracker8bb6.js]
[www.alhokail.com.sa/wp-content/plugins/duracelltomi-google-tag-manager/dist/js/gtm4wp-form-move-tracker8bb6.js]
[www.alhokail.com.sa/wp-content/themes/hello-elementor/assets/js/hello-frontendedb1.js]
[www.alhokail.com.sa/wp-content/plugins/elementor/assets/js/webpack.runtime.min05da.js]
[www.alhokail.com.sa/wp-content/plugins/elementor/assets/js/frontend-modules.min05da.js]
[www.alhokail.com.sa/wp-includes/js/jquery/ui/core.minb37e.js]
[www.alhokail.com.sa/wp-content/plugins/elementor/assets/js/frontend.min05da.js]
[www.alhokail.com.sa/wp-includes/js/imagesloaded.minbb93.js]
[www.alhokail.com.sa/wp-content/plugins/cf7-google-sheets-connector-pro/assets/js/gs-pipe-select-indexfc3c.js]
[www.alhokail.com.sa/wp-content/plugins/elementor/assets/js/packages/frontend-handlers/frontend-handlers.min05da.js]
[www.alhokail.com.sa/wp-content/plugins/elementor/assets/js/packages/alpinejs/alpinejs.min05da.js]
[www.alhokail.com.sa/wp-content/plugins/elementor/assets/js/atomic-widgets-frontend-handler.min05da.js]
[www.alhokail.com.sa/wp-content/plugins/elementor/assets/lib/swiper/v8/swiper.min94a4.js]
[www.alhokail.com.sa/wp-content/plugins/elementor-pro/assets/js/webpack-pro.runtime.min05da.js]
[www.alhokail.com.sa/wp-content/plugins/elementor-pro/assets/js/frontend.min05da.js]
[www.alhokail.com.sa/wp-content/plugins/elementor-pro/assets/js/elements-handlers.min05da.js]
[www.alhokail.com.sa/ar/قراءة-التحاليل-الطبية-دليلك-لفهم-نتائ.html]
[www.alhokail.com.sa/wp-content/plugins/header-footer-elementor/inc/widgets-css/frontenda489.css]
[www.alhokail.com.sa/wp-content/plugins/ht-contactform/blocks/src/assets/css/style-index4dc3.css]
[www.alhokail.com.sa/wp-content/plugins/contact-form-7/includes/css/stylesb5e1.css]
[www.alhokail.com.sa/wp-content/plugins/contact-form-7/includes/css/styles-rtlb5e1.css]
[www.alhokail.com.sa/wp-content/plugins/g-business-reviews-rating/wp/css/cssb34e.css]
[www.alhokail.com.sa/wp-content/plugins/elementskit-lite/widgets/init/assets/js/elementora560.js]
[www.alhokail.com.sa/wp-content/uploads/useanyfont/97929LT-Bukra-400-N.woff2]
[www.alhokail.com.sa/wp-content/uploads/useanyfont/97929LT-Bukra-400-N.woff]
[www.alhokail.com.sa/wp-content/uploads/useanyfont/uafac3c.css]
[www.alhokail.com.sa/wp-content/plugins/header-footer-elementor/assets/css/header-footer-elementora489.css]
[www.alhokail.com.sa/wp-content/plugins/elementor/assets/css/frontend.min05da.css]
[www.alhokail.com.sa/wp-content/uploads/elementor/css/post-891c795.css]
[www.alhokail.com.sa/wp-content/plugins/sticky-header-effects-for-elementor/assets/css/she-header-stylecc91.css]
[www.alhokail.com.sa/wp-content/uploads/elementor/css/base-desktop950a.css]
[www.alhokail.com.sa/wp-content/uploads/elementor/css/post-6147c795.css]
[www.alhokail.com.sa/wp-content/uploads/elementor/css/post-59461c5f.css]
[www.alhokail.com.sa/wp-content/themes/hello-elementor/assets/css/resetedb1.css]
[www.alhokail.com.sa/wp-content/themes/hello-elementor/assets/css/themeedb1.css]
[www.alhokail.com.sa/wp-content/themes/hello-elementor/assets/css/header-footeredb1.css]
[www.alhokail.com.sa/wp-content/plugins/elementor/assets/css/widget-spacer-rtl.min05da.css]
[www.alhokail.com.sa/wp-content/plugins/elementor/assets/lib/animations/styles/zoomIn.min05da.css]
[www.alhokail.com.sa/wp-content/plugins/elementor/assets/css/conditionals/shapes.min05da.css]
[www.alhokail.com.sa/wp-content/plugins/elementor/assets/lib/animations/styles/fadeInUp.min05da.css]
[www.alhokail.com.sa/wp-content/plugins/elementor/assets/css/widget-heading-rtl.min05da.css]
[www.alhokail.com.sa/wp-content/plugins/elementor-pro/assets/css/widget-post-info-rtl.min05da.css]
[www.alhokail.com.sa/wp-content/plugins/elementor/assets/css/widget-icon-list-rtl.min05da.css]
[www.alhokail.com.sa/wp-content/plugins/elementor-pro/assets/css/widget-share-buttons-rtl.min05da.css]
[www.alhokail.com.sa/wp-content/plugins/elementor/assets/css/conditionals/apple-webkit.min05da.css]
[www.alhokail.com.sa/wp-content/plugins/elementor-pro/assets/css/widget-author-box-rtl.min05da.css]
[www.alhokail.com.sa/wp-content/plugins/elementor/assets/lib/animations/styles/fadeInDown.min05da.css]
[www.alhokail.com.sa/wp-content/plugins/elementor-pro/assets/css/modules/motion-fx.min05da.css]
[www.alhokail.com.sa/wp-content/plugins/elementor-pro/assets/css/widget-posts-rtl.min05da.css]
[www.alhokail.com.sa/wp-content/uploads/elementor/css/post-15908f2f0.css]
[www.alhokail.com.sa/wp-content/plugins/elementor/assets/lib/eicons/css/elementor-icons.min705c.css]
[www.alhokail.com.sa/wp-content/plugins/elementor/assets/css/widget-icon-list.min44b4.css]
[www.alhokail.com.sa/wp-content/plugins/elementor/assets/css/widget-social-icons.min2401.css]
[www.alhokail.com.sa/wp-content/plugins/elementor/assets/lib/font-awesome/css/brands52d5.css]
[www.alhokail.com.sa/wp-content/plugins/elementor/assets/lib/font-awesome/css/fontawesome52d5.css]
[www.alhokail.com.sa/wp-content/plugins/elementor/assets/lib/font-awesome/css/solid52d5.css]
[www.alhokail.com.sa/wp-content/plugins/elementor-pro/assets/css/widget-blockquote.min503b.css]
[www.alhokail.com.sa/wp-content/plugins/elementor-pro/assets/css/widget-mega-menu.min9e35.css]
[www.alhokail.com.sa/wp-content/plugins/elementor-pro/assets/css/widget-nav-menu.min42e3.css]
[www.alhokail.com.sa/wp-content/plugins/elementskit-lite/widgets/init/assets/img/arrow.png]
[www.alhokail.com.sa/wp-content/plugins/elementskit-lite/widgets/init/assets/img/sort_asc.png]
[www.alhokail.com.sa/wp-content/plugins/elementskit-lite/widgets/init/assets/img/sort_desc.png]
[www.alhokail.com.sa/wp-content/plugins/elementskit-lite/widgets/init/assets/img/sort_asc_disabled.png]
[www.alhokail.com.sa/wp-content/plugins/elementskit-lite/widgets/init/assets/css/widget-stylesa560.css]
[www.alhokail.com.sa/wp-content/plugins/elementskit-lite/widgets/init/assets/css/responsivea560.css]
[www.alhokail.com.sa/wp-content/plugins/elementskit-lite/widgets/init/assets/css/rtla560.css]
[www.alhokail.com.sa/wp-content/plugins/elementskit-lite/modules/elementskit-icon-pack/assets/css/ekiticonsa560.css]
[www.googletagmanager.com/gtm5445.html]
[www.alhokail.com.sa/apple-icon-72x72.html]
[www.alhokail.com.sa/apple-icon-76x76.html]
[www.alhokail.com.sa/apple-icon-114x114.html]
[www.alhokail.com.sa/apple-icon-120x120.html]
[www.alhokail.com.sa/apple-icon-144x144.html]
[www.alhokail.com.sa/apple-icon-152x152.html]
[www.alhokail.com.sa/apple-icon-180x180.html]
[www.alhokail.com.sa/android-icon-192x192.html]
[www.alhokail.com.sa/favicon-32x32.html]
[www.alhokail.com.sa/favicon-96x96.html]
[www.alhokail.com.sa/favicon-16x16.html]
[www.alhokail.com.sa/wp-content/plugins/elementor/assets/lib/animations/styles/bounceIn.min05da.css]
[www.alhokail.com.sa/wp-content/plugins/elementor/assets/css/widget-icon-box-rtl.min05da.css]
[www.alhokail.com.sa/wp-content/plugins/elementor-pro/assets/css/widget-nested-carousel-rtl.min05da.css]
[www.alhokail.com.sa/wp-content/uploads/elementor/css/post-3001ef09.css]
[www.alhokail.com.sa/wp-content/uploads/elementor/css/local-3001-frontend-desktop2978.css]
[www.alhokail.com.sa/wp-content/plugins/elementor/assets/css/widget-image-carousel-rtl.min05da.css]
[www.alhokail.com.sa/wp-content/plugins/elementor-pro/assets/css/conditionals/popup.min05da.css]
[www.alhokail.com.sa/wp-content/uploads/elementor/css/post-32266ef09.css]
[www.alhokail.com.sa/wp-content/uploads/elementor/css/post-1658ef09.css]
[www.alhokail.com.sa/wp-content/uploads/trustindex-google-widget4898.css]
[alhokail.com.sa/wp-content/uploads/2024/05/الحقيل-اليرموك.jpg]
[www.alhokail.com.sa/wp-content/uploads/2025/10/DSC01079-HDR-scaled.jpg]
[www.alhokail.com.sa/ar/location.html]
[www.alhokail.com.sa/ar/medical.html]
[www.alhokail.com.sa/ar/الدليل-الشامل-لطب-وجراحة-وتجميل-الأسن.html]
[www.alhokail.com.sa/ar/السمنة-وجراحة-علاج-البدانة.html]
[www.alhokail.com.sa/wp-content/uploads/2025/12/543323c1-9d9b-420b-8f81-fb6e7f6ae29c-300x172.jpg]
[www.alhokail.com.sa/ar/علاجات-قنوات-جذور-الأسنان.html]
[www.alhokail.com.sa/ar/جراحة-شد-المهبل.html]
[www.alhokail.com.sa/wp-content/uploads/2025/12/v1-300x169.jpg]
[www.alhokail.com.sa/ar/الجراحة-التجميلية.html]
[www.alhokail.com.sa/ar/جراحة-نحت-الجسم-تعريفها،-أنواعها،-الف.html]
[www.alhokail.com.sa/wp-content/uploads/2024/05/تحسين-التوازن-الهيكلي-للجسم-300x197.png]
[cdn.trustindex.io/loader68b3.js]
[www.alhokail.com.sa/ar/home-page.html]
[www.alhokail.com.sa/wp-content/plugins/elementor/assets/css/widget-video-rtl.min05da.css]
[www.alhokail.com.sa/wp-content/plugins/elementor/assets/css/widget-counter-rtl.min05da.css]
[www.alhokail.com.sa/wp-content/plugins/elementor/assets/css/widget-toggle-rtl.min05da.css]
[www.alhokail.com.sa/wp-content/uploads/elementor/css/post-300702ac.css]
[www.alhokail.com.sa/ar/about-us-2.html]
[www.alhokail.com.sa/wp-content/plugins/elementor/assets/lib/jquery-numerator/jquery-numerator.min3958.js]
[www.alhokail.com.sa/ar/specialized-digital-polyclinic-dammam-2.html]
[www.alhokail.com.sa/wp-content/uploads/elementor/css/post-99338092.css]
[www.alhokail.com.sa/wp-content/uploads/elementor/css/post-9937b0bf.css]
[www.alhokail.com.sa/ar/specialized-digital-polyclinic-yarmouk-2.html]
[www.alhokail.com.sa/ar/عملية-تجميل-وتعديل-الأنف-كل-ما-تحتاج-مع.html]
[www.alhokail.com.sa/ar/specialized-digital-polyclinic-ahsaa-2-2.html]
[www.alhokail.com.sa/wp-content/uploads/elementor/css/post-9936d157.css]
[www.alhokail.com.sa/ar/specialized-digital-polyclinic-jubail-2.html]
[www.alhokail.com.sa/wp-content/uploads/elementor/css/post-99839c7c.css]
[www.alhokail.com.sa/ar/مجمع-عيادات-الرياض-التخصصي-الرقمي.html]
[www.alhokail.com.sa/wp-content/uploads/elementor/css/post-32508a400.css]
[www.alhokail.com.sa/ar/specialized-digital-polyclinic-bandariyah-2.html]
[www.alhokail.com.sa/wp-content/uploads/elementor/css/post-9984bb38.css]
[www.alhokail.com.sa/wp-includes/js/mediaelement/mediaelementplayer-legacy.min1f61.css]
[www.alhokail.com.sa/wp-includes/js/mediaelement/wp-mediaelement.minb34e.css]
[www.alhokail.com.sa/wp-content/plugins/elementor-pro/assets/css/widget-animated-headline-rtl.min05da.css]
[www.alhokail.com.sa/wp-content/uploads/elementor/css/post-9425f557.css]
[www.alhokail.com.sa/wp-content/uploads/2024/04/Gynecology-obstetrics-and-gynecological-cosmetics.png]
[www.alhokail.com.sa/wp-content/uploads/2024/04/Solutions-for-delayed-childbearing.png]
[www.alhokail.com.sa/wp-content/uploads/2024/09/91.jpg]
[www.alhokail.com.sa/ar/delay-conception.html]
[www.alhokail.com.sa/wp-content/uploads/2024/05/How-does-a-doctor-determine-if-you-are-infertile.png]
[www.alhokail.com.sa/ar/ivf-and-icsi-treatment.html]
[www.alhokail.com.sa/ar/genetics-impact-on-the-birth-of-healthy-children.html]
[www.alhokail.com.sa/wp-content/uploads/2023/10/Genetics-and-its-impact-on-the-birth-of-healthy-children.jpg]
[www.alhokail.com.sa/wp-includes/js/mediaelement/mediaelement-and-player.min1f61.js]
[www.alhokail.com.sa/wp-includes/js/mediaelement/mediaelement-migrate.minb34e.js]
[www.alhokail.com.sa/wp-includes/js/mediaelement/wp-mediaelement.minb34e.js]
[www.alhokail.com.sa/ar/ivf-2.html]
[www.alhokail.com.sa/wp-content/plugins/elementskit-lite/widgets/init/assets/js/jquery.magnific-popup.mina560.js]
[www.alhokail.com.sa/wp-content/plugins/elementor-pro/assets/css/widget-media-carousel-rtl.min05da.css]
[www.alhokail.com.sa/wp-content/plugins/elementor-pro/assets/css/widget-carousel-module-base-rtl.min05da.css]
[www.alhokail.com.sa/wp-content/uploads/elementor/css/post-40350842.css]
[www.alhokail.com.sa/wp-content/uploads/2025/11/Screenshot-2025-11-02-120824.png]
[www.alhokail.com.sa/ar/https_/www.alhokail.com.sa/wp-content/uploads/2025/11/Screenshot-2025-11-02-120824.png]
[www.alhokail.com.sa/wp-content/uploads/2025/11/محمد-العبدالله.png]
[www.alhokail.com.sa/ar/https_/www.alhokail.com.sa/wp-content/uploads/2025/11/محمد-العبدالله.png]
[www.alhokail.com.sa/wp-content/uploads/2025/11/راجية.png]
[www.alhokail.com.sa/ar/https_/www.alhokail.com.sa/wp-content/uploads/2025/11/راجية.png]
[www.alhokail.com.sa/wp-content/uploads/2025/11/اميرة-جمال.png]
[www.alhokail.com.sa/ar/https_/www.alhokail.com.sa/wp-content/uploads/2025/11/اميرة-جمال.png]
[www.alhokail.com.sa/wp-content/uploads/2025/11/ابرة-السلمون.png]
[www.alhokail.com.sa/ar/https_/www.alhokail.com.sa/wp-content/uploads/2025/11/ابرة-السلمون.png]
[www.alhokail.com.sa/wp-content/uploads/2023/10/38.jpg]
[www.alhokail.com.sa/wp-content/uploads/2023/09/shutterstock_1038683512.jpg]
[www.alhokail.com.sa/wp-content/uploads/2023/09/shutterstock_2154432921.jpg]
[www.alhokail.com.sa/wp-content/uploads/elementor/thumbs/22-qd2h8iqnxqiior7jss592jcvv7gws902nnyvc5o41o.jpg]
[www.alhokail.com.sa/wp-content/uploads/elementor/thumbs/23-qd2pqqlueppczierp59td9iuq65oego23b1fpbmwzg.jpg]
[www.alhokail.com.sa/wp-content/uploads/elementor/thumbs/24-qd2pw56fpf3pqsk54zdl7ef9oxinnt4hu22y1lmf7g.jpg]
[www.alhokail.com.sa/wp-content/uploads/elementor/thumbs/28-qd7nk5uw9arr0xzgvp3drdyb90csj0vjvetybq6jr0.jpg]
[www.alhokail.com.sa/wp-content/uploads/elementor/thumbs/37-qd7n6uh7fsjijtbsmxvnfqx8ahzlhe0g1i4bklxbwc.jpg]
[www.alhokail.com.sa/wp-content/uploads/elementor/thumbs/36-qd7m9kytkv07oln8vk8y753zhlxz2zyesuzq638w3g.jpg]
[www.alhokail.com.sa/wp-content/uploads/2024/05/Dermatology-and-cosmetics-before.png]
[www.alhokail.com.sa/wp-content/uploads/2024/05/Dermatology-and-cosmetics-after.png]
[www.alhokail.com.sa/wp-content/uploads/2024/09/اميرة.jpg]
[www.alhokail.com.sa/ar/a-complete-guide-to-laser-hair-removal.html]
[www.alhokail.com.sa/wp-content/uploads/2024/07/Screen-Shot-2024-08-01-at-12.22.56-PM.png]
[www.alhokail.com.sa/ar/tips-that-will-help-you-maintain-your-youth.html]
[www.alhokail.com.sa/wp-content/uploads/2024/06/الحفاظ-على-شبابك.png]
[www.alhokail.com.sa/ar/كيف-يحافظ-الكولاجين-على-شباب-البشرة؟.html]
[www.alhokail.com.sa/wp-content/uploads/2023/10/36.jpg]
[www.alhokail.com.sa/ar/dermatology-and-cosmetics.html]
[www.alhokail.com.sa/wp-content/uploads/elementor/css/post-4181bbd5.css]
[www.alhokail.com.sa/wp-content/uploads/2023/09/dental-1.png]
[www.alhokail.com.sa/wp-content/uploads/2023/09/27.jpg]
[www.alhokail.com.sa/wp-content/uploads/2024/05/تجربة-الاسنان-قبل.jpg]
[www.alhokail.com.sa/wp-content/uploads/2024/05/بعد-جراحة-تجميل-الاسنان.jpg]
[www.alhokail.com.sa/wp-content/uploads/2024/04/حسين-معتصم.jpg]
[www.alhokail.com.sa/wp-content/uploads/2024/04/احمد-الحقيل.jpg]
[www.alhokail.com.sa/ar/dental-implants-without-surgery.html]
[www.alhokail.com.sa/wp-content/uploads/2024/09/زراعة-الأسنان-بدون-جراحة.png]
[www.alhokail.com.sa/ar/how-to-floss-with-braces.html]
[www.alhokail.com.sa/wp-content/uploads/2024/09/how-to-floss-with-braces.png]
[www.alhokail.com.sa/ar/hollywood-smile-before-and-after.html]
[www.alhokail.com.sa/wp-content/uploads/2024/05/hollywood-smile-10.png]
[www.alhokail.com.sa/ar/dental-and-orthodontics.html]
[www.alhokail.com.sa/wp-content/uploads/elementor/css/post-4331c2b0.css]
[www.alhokail.com.sa/wp-content/uploads/elementor/thumbs/42-qd98jg1cugtlpwdrtvien94kjfudfvbrkbhgdaq2yk.jpg]
[www.alhokail.com.sa/wp-content/uploads/elementor/thumbs/46-qd9b0i8uecqnrt0krveuea1usqvdrfw6t4qoc4o7ek.jpg]
[www.alhokail.com.sa/wp-content/uploads/elementor/thumbs/73-qd98q0wooptuzmtpepwe3lcq8jevblg4gvvtb0yvek.jpg]
[www.alhokail.com.sa/wp-content/uploads/elementor/thumbs/45-qd995as9qsqlnimz7tl548ldqy4lej33khiv1wbkak.jpg]
[www.alhokail.com.sa/wp-content/uploads/elementor/thumbs/48-qd9bhpohi6amau0tat5zjfqm9o29nz7auannlh5ri4.jpg]
[www.alhokail.com.sa/wp-content/uploads/elementor/thumbs/43-qd98txwh5v6vd54wjeufhlrvcc3xe6zv09qnaj5th8.jpg]
[www.alhokail.com.sa/wp-content/uploads/elementor/thumbs/47-qd9bbjukp9uy6uz1a5a16zpu2qfn7eqnbsp2c6aoak.jpg]
[www.alhokail.com.sa/wp-content/uploads/elementor/thumbs/49-qd9bmc1x3umddtb5bb2yarr7eva8iejsh64ljgb2ws.jpg]
[www.alhokail.com.sa/wp-content/uploads/elementor/thumbs/50-qd9bn56wzpq9dq4tl5ody2ehttam50rgx6cnf13vjw.jpg]
[www.alhokail.com.sa/wp-content/uploads/2024/05/plastic-surgery-before.png]
[www.alhokail.com.sa/wp-content/uploads/2024/05/plastic-surgery-after.png]
[www.alhokail.com.sa/wp-content/uploads/2024/04/فيصل-ممدوح.jpg]
[www.alhokail.com.sa/wp-content/uploads/2024/04/رمزي-محمود.jpg]
[www.alhokail.com.sa/ar/brazilian-butt-lift.html]
[www.alhokail.com.sa/wp-content/uploads/2024/06/Brazilian-butt-lift.png]
[www.alhokail.com.sa/ar/everything-you-need-to-know-about-botox.html]
[www.alhokail.com.sa/wp-content/uploads/2024/06/حقن-البوتكس.png]
[www.alhokail.com.sa/ar/تجربتي-الشخصية-مع-زراعة-الحواجب-في-الس.html]
[www.alhokail.com.sa/wp-content/uploads/2024/06/تجربتي-مع-زراعة-الحواجب-لفتاة.png]
[www.alhokail.com.sa/ar/plastic-surgery.html]
[www.alhokail.com.sa/wp-content/plugins/elementor-pro/assets/css/widget-slides-rtl.min05da.css]
[www.alhokail.com.sa/wp-content/uploads/elementor/css/post-4547c7ad.css]
[www.alhokail.com.sa/wp-content/uploads/2023/10/النسائية-1.png]
[www.alhokail.com.sa/wp-content/uploads/2023/10/85.jpg]
[www.alhokail.com.sa/wp-content/uploads/2023/10/86.jpg]
[www.alhokail.com.sa/wp-content/uploads/2023/10/shutterstock_2133353471.jpg]
[www.alhokail.com.sa/wp-content/uploads/elementor/thumbs/شد-ترهلات-الشفرات-qnv3eqtqoq86ceyul4sqzo0rj9c2d6lol130gye4cc.png]
[www.alhokail.com.sa/wp-content/uploads/elementor/thumbs/تكبير-الشفرات-الخارجية-للجهاز-التناسلي-qnv3842qgt5cfglnb9liec9one0u229v07doko848s.png]
[www.alhokail.com.sa/wp-content/uploads/elementor/thumbs/Vaginal-stenosis-qnv33xok3bfgtuo3pgl7be7xlqm3uhot3izzsef3wc.png]
[www.alhokail.com.sa/ar/gynecology.html]
[www.alhokail.com.sa/wp-content/uploads/elementor/css/post-4542bbc2.css]
[www.alhokail.com.sa/wp-content/uploads/2023/10/الحجامة-1.png]
[www.alhokail.com.sa/wp-content/uploads/2023/10/89.jpg]
[www.alhokail.com.sa/wp-content/uploads/2024/05/image-accordion-11.jpg]
[www.alhokail.com.sa/ar/cupping.html]
[www.alhokail.com.sa/wp-content/uploads/2024/05/cupping.png]
[www.alhokail.com.sa/ar/hijama.html]
[www.alhokail.com.sa/wp-content/uploads/elementor/css/post-9808da66.css]
[www.alhokail.com.sa/wp-content/uploads/2024/04/مركز-الذكورة.jpg]
[www.alhokail.com.sa/ar/التخلص-من-التثدي-بالتمارين.html]
[www.alhokail.com.sa/wp-content/uploads/2024/06/تأخيرالتثدي-عند-الرجال-علي-الحالة-النفسية.png]
[www.alhokail.com.sa/ar/causes-of-gynecomastia-in-men.html]
[www.alhokail.com.sa/wp-content/uploads/2024/06/التثدي-عند-الرجال.png]
[www.alhokail.com.sa/ar/necessary-tests-before-marriage.html]
[www.alhokail.com.sa/wp-content/uploads/2024/03/الفحوصات-اللازمة-للتأكد-من-الصحة-الجنسية-قبل-الزواج.png]
[www.alhokail.com.sa/ar/صحة-الرجال.html]
[www.alhokail.com.sa/wp-content/uploads/elementor/css/post-9834d2f0.css]
[www.alhokail.com.sa/ar/jaw-surgery.html]
[www.alhokail.com.sa/wp-content/uploads/2024/05/جراحة-الوجه-والفكين.png]
[www.alhokail.com.sa/ar/appendix.html]
[www.alhokail.com.sa/wp-content/uploads/2024/06/التهاب-الزائدة-الدودية.png]
[www.alhokail.com.sa/wp-content/uploads/2024/06/تعديل-الأنف.png]
[www.alhokail.com.sa/ar/general-surgery-2.html]
[www.alhokail.com.sa/wp-content/uploads/elementor/css/post-98242a3d.css]
[www.alhokail.com.sa/wp-content/uploads/2024/03/hair-transplant.png]
[www.alhokail.com.sa/wp-content/uploads/2024/05/نتائج-زراعة-الشعر-خلال-سنة.png]
[www.alhokail.com.sa/wp-content/uploads/2024/05/hair-transplant-before.png]
[www.alhokail.com.sa/wp-content/uploads/2024/05/hair-transplant-after.png]
[www.alhokail.com.sa/ar/mesotherapy-for-hair.html]
[www.alhokail.com.sa/wp-content/uploads/2024/06/mesotherapy-for-hair.png]
[www.alhokail.com.sa/ar/hair-transplantation.html]
[www.alhokail.com.sa/wp-content/uploads/2024/05/نتائج-زراعة-الشعر-قبل-وبعد.png]
[www.alhokail.com.sa/ar/hair-transplant-results.html]
[www.alhokail.com.sa/wp-content/uploads/2024/03/نتائج-عملية-زراعة-الشعر.jpg]
[www.alhokail.com.sa/ar/hair-transplant-2.html]
[www.alhokail.com.sa/wp-content/uploads/elementor/css/post-984739d5.css]
[www.alhokail.com.sa/wp-content/uploads/2024/05/الدمام.jpg]
[www.alhokail.com.sa/wp-content/uploads/2024/04/احمد-العثمان.jpg]
[www.alhokail.com.sa/wp-content/uploads/2024/04/عبدالمحسن-الحسن.jpg]
[www.alhokail.com.sa/wp-content/uploads/2024/04/فاطمة-الحماد.jpg]
[www.alhokail.com.sa/ar/cataract-procedure.html]
[www.alhokail.com.sa/wp-content/uploads/2024/05/الماء-الأبيض-في-العين.png]
[www.alhokail.com.sa/ar/dry-eye-treatment.html]
[www.alhokail.com.sa/wp-content/uploads/2024/05/علاج-جفاف-العين.png]
[www.alhokail.com.sa/ar/dark-circles-treatment.html]
[www.alhokail.com.sa/wp-content/uploads/2024/05/علاج-الهالات-السوداء.png]
[www.alhokail.com.sa/ar/tag/أطباء-طب-العيون.html]
[www.alhokail.com.sa/ar/ophthalmology-3.html]
[www.alhokail.com.sa/ar/tag/أطباء-طب-العيون-الدمام.html]
[www.alhokail.com.sa/wp-content/uploads/elementor/css/post-4339ab42.css]
[www.alhokail.com.sa/wp-content/uploads/elementor/thumbs/كرمشة-المعدة-qoa71mkrt9aepj64dr6360u9yyy5wznanwh7qcg7ss.png]
[www.alhokail.com.sa/wp-content/uploads/elementor/thumbs/77-qd9gx9znfa09u5ydccdnb353lo5h4xkue8yg3z70xo.jpg]
[www.alhokail.com.sa/wp-content/uploads/elementor/thumbs/75-qd9gja65o2ukz6a72alm6ma1754qj60psza6vny1ks.jpg]
[www.alhokail.com.sa/wp-content/uploads/elementor/thumbs/222-1-scaled-qdnnym8nw6kv1mshsp19gkyyh204ktqt4mmzep9wu4.jpg]
[www.alhokail.com.sa/wp-content/uploads/elementor/thumbs/79-qd9kn3aid76snpkyyoomrtig1ellxpt74kdwn2sd4s.jpg]
[www.alhokail.com.sa/wp-content/uploads/elementor/thumbs/81-qd9l32jqjt2a12ddnlcb5scjl7u8sh8xbnn2cf3fcs.jpg]
[www.alhokail.com.sa/wp-content/uploads/elementor/thumbs/80-1-qd9ku52xmgu7qfcbsqdwh1gwffupnzsq3gj07sc2gs.jpg]
[www.alhokail.com.sa/wp-content/uploads/2024/01/data.jpg]
[www.alhokail.com.sa/ar/الكبسولة-الذكية.html]
[www.alhokail.com.sa/wp-content/uploads/2024/05/Smart-Capsule.png]
[www.alhokail.com.sa/ar/everything-about-liposuction.html]
[www.alhokail.com.sa/ar/bariatric-surgery.html]
[www.alhokail.com.sa/wp-content/uploads/2023/12/bariatric-surgery.jpg]
[www.alhokail.com.sa/ar/obesity-and-nutrition.html]
[www.alhokail.com.sa/wp-content/uploads/elementor/css/post-32809fa0.css]
[www.alhokail.com.sa/ar/تجميل-الأسنان-والتقويم.html]
[www.alhokail.com.sa/wp-content/uploads/2024/09/Flossing-with-Braces-300x223.png]
[www.alhokail.com.sa/ar/الحقن-المجهرى.html]
[www.alhokail.com.sa/ar/الأخطاء-الشائعة-في-التحاليل-الطبية.html]
[www.alhokail.com.sa/wp-content/uploads/2025/10/40-300x225.jpg]
[www.alhokail.com.sa/ar/blogs/2.html]
[www.alhokail.com.sa/ar/blogs/3.html]
[www.alhokail.com.sa/ar/blogs/4.html]
[www.alhokail.com.sa/ar/blogs/5.html]
[www.alhokail.com.sa/ar/blogs/6.html]
[www.alhokail.com.sa/ar/blogs/7.html]
[www.alhokail.com.sa/ar/blogs/8.html]
[www.alhokail.com.sa/ar/blogs/9.html]
[www.alhokail.com.sa/ar/blogs.html]
[www.alhokail.com.sa/ar/blogs/10.html]
[www.alhokail.com.sa/wp-content/uploads/2025/10/1.jpg]
[www.alhokail.com.sa/wp-content/uploads/2025/10/1.2.jpg]
[www.alhokail.com.sa/wp-content/uploads/2025/10/1.1.jpg]
[www.alhokail.com.sa/ar/الالتهاب-الكبدي-a-b-الفيروسات-الأكثر-ان.html]
[www.alhokail.com.sa/ar/السمنة-وأسبابها-دليل-شامل-لفهم-المشكل.html]
[www.alhokail.com.sa/ar/how-to-get-a-hollywood-smile.html]
[www.alhokail.com.sa/wp-content/uploads/2024/05/تجميل-الاسنان-768x508.png]
[www.alhokail.com.sa/ar/blepharoplasty.html]
[www.alhokail.com.sa/wp-content/uploads/2024/06/An-image-showing-eyelid-surgery-768x655.png]
[www.alhokail.com.sa/ar/esophageal-reflux.html]
[www.alhokail.com.sa/wp-content/uploads/2024/04/علاج-ارتجاع-المريء.jpg]
[www.alhokail.com.sa/ar/أفضل-مختبر-تحاليل-في-السعودية-دليلك-لا.html]
[www.alhokail.com.sa/wp-content/uploads/2025/10/15.jpg]
[www.alhokail.com.sa/wp-content/uploads/2025/10/15.2.jpg]
[www.alhokail.com.sa/wp-content/uploads/2025/10/15.1.jpg]
[www.alhokail.com.sa/ar/تحاليل-طبية-شاملة-في-السعودية-فحصك-الك.html]
[www.alhokail.com.sa/wp-content/uploads/2025/10/38-768x576.jpg]
[www.alhokail.com.sa/ar/breast-reduction.html]
[www.alhokail.com.sa/wp-content/uploads/2024/05/تصغير-الصدر-768x508.png]
[www.alhokail.com.sa/ar/التهاب-القولون-أسبابه-وأعراضه-وطرق-ال.html]
[www.alhokail.com.sa/ar/lightening-sensitive-areas.html]
[www.alhokail.com.sa/wp-content/uploads/2025/10/16.jpg]
[www.alhokail.com.sa/wp-content/uploads/2025/10/16.2.jpg]
[www.alhokail.com.sa/wp-content/uploads/2025/10/16.1.jpg]
[www.alhokail.com.sa/ar/الزهايمر-فهم-أعمق-للمرض-وتشخيصه-المبك.html]
[www.alhokail.com.sa/wp-content/uploads/2025/10/25-768x576.jpg]
[www.alhokail.com.sa/ar/breast-augmentation-is-it-right-for-you.html]
[www.alhokail.com.sa/wp-content/uploads/2024/05/تجميل-وتكبير-الثدي-جراحيا-768x511.png]
[www.alhokail.com.sa/ar/body-surgery.html]
[www.alhokail.com.sa/wp-content/uploads/2024/05/شفط-ونحت-القوام-768x434.png]
[www.alhokail.com.sa/ar/خطورة-الدهون-الثلاثية-ومعدلها-الطبيع.html]
[www.alhokail.com.sa/wp-content/uploads/2025/10/17.jpg]
[www.alhokail.com.sa/wp-content/uploads/2025/10/17.2.jpg]
[www.alhokail.com.sa/wp-content/uploads/2025/10/17.1.jpg]
[www.alhokail.com.sa/ar/complications-of-breast-reduction.html]
[www.alhokail.com.sa/wp-content/uploads/2024/06/Complications-of-breast-reduction-768x512.png]
[www.alhokail.com.sa/wp-content/uploads/2024/05/cupping-768x575.png]
[www.alhokail.com.sa/wp-content/uploads/2024/05/تصغير-الثدي-جراحيا-768x542.png]
[www.alhokail.com.sa/ar/أنواع-السرطانات-المختلفة-وأهمية-التش.html]
[www.alhokail.com.sa/ar/فوائد-عمليات-تصغير-الثدي-جراحيا.html]
[www.alhokail.com.sa/wp-content/uploads/2025/10/18.jpg]
[www.alhokail.com.sa/wp-content/uploads/2025/10/18.2.jpg]
[www.alhokail.com.sa/wp-content/uploads/2025/10/18.1.jpg]
[www.alhokail.com.sa/ar/dental-implant-surgery.html]
[www.alhokail.com.sa/ar/chin-beautification.html]
[www.alhokail.com.sa/wp-content/uploads/2024/06/Chin-beautification-768x510.png]
[www.alhokail.com.sa/ar/hair-transplant-procedures-and-steps.html]
[www.alhokail.com.sa/wp-content/uploads/2024/03/hair-transplant-768x757.png]
[www.alhokail.com.sa/ar/هشاشة-العظام-الأسباب-والأعراض-وطرق-ال.html]
[www.alhokail.com.sa/wp-content/uploads/2025/10/20.jpg]
[www.alhokail.com.sa/wp-content/uploads/2025/10/20.2.jpg]
[www.alhokail.com.sa/wp-content/uploads/2025/10/20.1.jpg]
[www.alhokail.com.sa/wp-content/uploads/2024/06/التثدي-عند-الرجال-768x573.png]
[www.alhokail.com.sa/ar/philtrum-contouring.html]
[www.alhokail.com.sa/wp-content/uploads/2024/05/Lip-contour-768x371.png]
[www.alhokail.com.sa/ar/فقر-الدم-وأنيميا-الفول-الأسباب،-الأعر.html]
[www.alhokail.com.sa/wp-content/uploads/2025/10/31-768x576.jpg]
[www.alhokail.com.sa/ar/مشاكل-جرثومة-المعدة-الأسباب-والأعراض.html]
[www.alhokail.com.sa/wp-content/uploads/2025/10/19.jpg]
[www.alhokail.com.sa/wp-content/uploads/2025/10/19.2.jpg]
[www.alhokail.com.sa/wp-content/uploads/2025/10/19.1.jpg]
[www.alhokail.com.sa/ar/chin-surgery-genioplasty.html]
[www.alhokail.com.sa/wp-content/uploads/2024/05/chin-surgery-genioplasty-768x432.png]
[www.alhokail.com.sa/ar/vaginal-dryness.html]
[www.alhokail.com.sa/wp-content/uploads/2024/05/علاج-جفاف-المهبل-768x422.png]
[www.alhokail.com.sa/ar/الإرهاق-أسبابه،-أعراضه،-وطرق-التشخيص.html]
[www.alhokail.com.sa/wp-content/uploads/2025/10/22.jpg]
[www.alhokail.com.sa/ar/أهمية-فحوصات-متابعة-الحمل-لصحة-الأم-وا.html]
[www.alhokail.com.sa/wp-content/uploads/2025/10/22.2.jpg]
[www.alhokail.com.sa/wp-content/uploads/2025/10/22.1.jpg]
[www.alhokail.com.sa/ar/esophageal-surgeries.html]
[www.alhokail.com.sa/wp-content/uploads/2024/04/جراحات-المريء.jpg]
[www.alhokail.com.sa/ar/عملية-شد-الوجه.html]
[www.alhokail.com.sa/wp-content/uploads/2024/11/عملية-شد-الوجه-1-768x494.png]
[www.alhokail.com.sa/ar/أضرار-كسل-الغدة-الدرقية-الأعراض-والمض.html]
[www.alhokail.com.sa/wp-content/uploads/2024/03/الفرق-بين-ابتسامة-هوليود-وتبييض-الأسنان.png]
[alhokail.com.sa/wp-content/uploads/2024/05/هوليود-سمايل.jpg]
[alhokail.com.sa/wp-content/uploads/2024/05/نتائج-ابتسامة-هوليود.jpg]
[alhokail.com.sa/wp-content/uploads/2024/05/تبييض-الاسنان.jpg]
[www.alhokail.com.sa/wp-content/uploads/2025/10/12-768x576.jpg]
[www.alhokail.com.sa/wp-content/uploads/2024/06/تعديل-الأنف-768x511.png]
[www.alhokail.com.sa/ar/hollywood-smile-and-teeth-whitening.html]
[www.alhokail.com.sa/wp-content/uploads/2025/10/21.jpg]
[www.alhokail.com.sa/wp-content/uploads/2025/10/21.2.jpg]
[www.alhokail.com.sa/wp-content/uploads/2025/10/21.1.jpg]
[www.alhokail.com.sa/ar/dimple-surgery.html]
[www.alhokail.com.sa/wp-content/uploads/2024/06/عملية-تجميل-غمازة-الخد-768x601.png]
[www.alhokail.com.sa/wp-content/uploads/2025/10/17-768x576.jpg]
[www.alhokail.com.sa/ar/أهمية-المعادن-للجسم-دليل-شامل-لصحتك-من.html]
[www.alhokail.com.sa/wp-content/plugins/connect-polylang-elementor/assets/css/language-switcher.min4468.css]
[www.alhokail.com.sa/wp-content/uploads/elementor/css/post-110871c5f.css]
[www.alhokail.com.sa/wp-content/uploads/elementor/css/post-112301c5f.css]
[www.alhokail.com.sa/wp-content/uploads/elementor/css/post-112401c5f.css]
[www.alhokail.com.sa/wp-content/plugins/elementor-pro/assets/css/widget-form-rtl.min05da.css]
[www.alhokail.com.sa/wp-content/plugins/elementor/assets/css/widget-social-icons-rtl.min05da.css]
[www.alhokail.com.sa/wp-content/plugins/elementor/assets/lib/swiper/v8/css/swiper.min94a4.css]
[www.alhokail.com.sa/wp-content/plugins/elementor/assets/css/conditionals/e-swiper.min05da.css]
[www.alhokail.com.sa/wp-content/plugins/elementor/assets/lib/animations/styles/bounceIn.min05da.css]
[www.alhokail.com.sa/wp-content/plugins/elementor/assets/lib/animations/styles/slideInUp.min05da.css]
[www.alhokail.com.sa/wp-content/plugins/elementor/assets/css/widget-icon-box-rtl.min05da.css]
[www.alhokail.com.sa/wp-content/plugins/elementor/assets/css/widget-image-rtl.min05da.css]
[www.alhokail.com.sa/wp-content/plugins/elementor-pro/assets/css/widget-nested-carousel-rtl.min05da.css]
[www.alhokail.com.sa/wp-content/uploads/2026/03/Path-1950.png]
[www.alhokail.com.sa/wp-content/uploads/elementor/css/post-3001ef09.css]
[www.alhokail.com.sa/wp-content/uploads/elementor/css/local-3001-frontend-desktop2978.css]
[www.alhokail.com.sa/wp-content/plugins/elementor/assets/css/widget-image-carousel-rtl.min05da.css]
[www.alhokail.com.sa/wp-content/plugins/elementor-pro/assets/css/conditionals/popup.min05da.css]
[www.alhokail.com.sa/wp-content/plugins/elementor/assets/lib/animations/styles/e-animation-float.min05da.css]
[www.alhokail.com.sa/wp-content/uploads/elementor/css/post-32266ef09.css]
[www.alhokail.com.sa/wp-content/uploads/2023/09/popup-bg-1.jpg]
[www.alhokail.com.sa/wp-content/uploads/elementor/css/post-1658ef09.css]
[www.alhokail.com.sa/wp-content/uploads/trustindex-google-widget4898.css]
[www.alhokail.com.sa/ar/location.html]
[www.alhokail.com.sa/wp-content/uploads/elementor/css/post-19320cd81.css]
[www.alhokail.com.sa/ar/medical.html]
[www.alhokail.com.sa/wp-content/uploads/elementor/css/post-37798e8b.css]
[www.alhokail.com.sa/wp-content/uploads/2024/05/جراحة-الوجه-والفكين-768x509.png]
[www.alhokail.com.sa/ar/clean-your-skin.html]
[www.alhokail.com.sa/wp-content/uploads/2024/06/cleaning-the-skin-768x434.png]
[www.alhokail.com.sa/wp-content/uploads/2025/10/40-768x576.jpg]
[www.alhokail.com.sa/ar/الدليل-الشامل-لطب-وجراحة-وتجميل-الأسن.html]
[www.alhokail.com.sa/wp-includes/js/comment-reply.minb34e.js]
[www.alhokail.com.sa/wp-content/uploads/2025/12/543323c1-9d9b-420b-8f81-fb6e7f6ae29c.jpg]
[www.alhokail.com.sa/ar/السمنة-وجراحة-علاج-البدانة.html]
[www.alhokail.com.sa/ar/tips-after-breast-reduction-surgery.html]
[www.alhokail.com.sa/ar/buttock-silicone.html]
[www.alhokail.com.sa/wp-content/uploads/2024/05/سيليكون-المؤخرة-768x506.png]
[www.alhokail.com.sa/ar/علاجات-قنوات-جذور-الأسنان.html]
[www.alhokail.com.sa/wp-content/uploads/2025/12/v1.jpg]
[www.alhokail.com.sa/ar/نقص-فيتامين-أ-وأهميته-للشعر-كل-ما-تحتاج.html]
[www.alhokail.com.sa/wp-content/uploads/2025/10/10-768x576.jpg]
[www.alhokail.com.sa/ar/vaginal-dryness-2.html]
[www.alhokail.com.sa/wp-content/uploads/2024/05/علاج-جفاف-المهبل-والاسباب-768x426.png]
[www.alhokail.com.sa/ar/جراحة-شد-المهبل.html]
[www.alhokail.com.sa/ar/ulcerative-colitis.html]
[www.alhokail.com.sa/wp-content/uploads/2024/03/ulcerative-colitis-768x512.png]
[www.alhokail.com.sa/ar/dental-implants-experience-in-saudi-arabia.html]
[www.alhokail.com.sa/wp-content/uploads/2024/03/تجربتي-مع-زراعة-الاسنان-في-السعودية-768x512.png]
[www.alhokail.com.sa/wp-content/uploads/2024/05/الماء-الأبيض-في-العين-768x431.png]
[www.alhokail.com.sa/ar/الجراحة-التجميلية.html]
[www.alhokail.com.sa/wp-content/uploads/2024/05/تحسين-التوازن-الهيكلي-للجسم.png]
[www.alhokail.com.sa/ar/الثلاسيميا-الأعراض-والأسباب-وطرق-الت.html]
[www.alhokail.com.sa/wp-content/uploads/2025/10/27-768x576.jpg]
[www.alhokail.com.sa/wp-content/uploads/2025/10/39-768x576.jpg]
[www.alhokail.com.sa/wp-content/uploads/2024/06/التهاب-الزائدة-الدودية-768x510.png]
[www.alhokail.com.sa/ar/جراحة-نحت-الجسم-تعريفها،-أنواعها،-الف.html]
[www.alhokail.com.sa/wp-content/plugins/elementor/assets/css/widget-video-rtl.min05da.css]
[www.alhokail.com.sa/wp-content/plugins/elementor/assets/css/widget-counter-rtl.min05da.css]
[www.alhokail.com.sa/wp-content/plugins/elementor/assets/css/widget-toggle-rtl.min05da.css]
[www.alhokail.com.sa/wp-content/uploads/elementor/css/post-300702ac.css]
[www.alhokail.com.sa/wp-content/plugins/elementor/assets/lib/animations/styles/fadeInLeft.min05da.css]
[www.alhokail.com.sa/wp-content/plugins/elementor/assets/lib/animations/styles/fadeInRight.min05da.css]
[www.alhokail.com.sa/wp-content/uploads/elementor/css/post-99338092.css]
[www.alhokail.com.sa/wp-content/uploads/elementor/css/post-9937b0bf.css]
[www.alhokail.com.sa/wp-content/uploads/2025/10/15-768x576.jpg]
[www.alhokail.com.sa/ar/cheek-dimples-surgery.html]
[www.alhokail.com.sa/wp-content/uploads/2024/06/Cheek-dimples-768x486.png]
[www.alhokail.com.sa/ar/عملية-تجميل-وتعديل-الأنف-كل-ما-تحتاج-مع.html]
[www.alhokail.com.sa/wp-content/uploads/elementor/css/post-9936d157.css]
[www.alhokail.com.sa/wp-content/uploads/elementor/css/post-99839c7c.css]
[www.alhokail.com.sa/wp-content/uploads/elementor/css/post-32508a400.css]
[www.alhokail.com.sa/wp-content/uploads/elementor/css/post-9984bb38.css]
[www.alhokail.com.sa/wp-includes/js/mediaelement/mediaelementplayer-legacy.min1f61.css]
[www.alhokail.com.sa/wp-includes/js/mediaelement/wp-mediaelement.minb34e.css]
[www.alhokail.com.sa/wp-content/plugins/elementor-pro/assets/css/widget-animated-headline-rtl.min05da.css]
[www.alhokail.com.sa/wp-includes/js/mediaelement/mejs-controls.svg]
[www.alhokail.com.sa/wp-content/uploads/2024/05/vw_line_bg.png]
[www.alhokail.com.sa/wp-content/uploads/2024/05/IVF-Center.png]
[www.alhokail.com.sa/wp-content/uploads/elementor/css/post-9425f557.css]
[alhokail.com.sa/wp-content/uploads/2024/05/كيف-يحدد-الطبيب-إذا-كنت-عقيمًا.png]
[www.alhokail.com.sa/wp-content/uploads/2024/06/Brazilian-butt-lift-768x511.png]
[www.alhokail.com.sa/wp-content/uploads/2024/06/حقن-البوتكس-768x515.png]
[www.alhokail.com.sa/ar/أنواع-السكري-الفرق-بين-الأنواع-وطرق-ال.html]
[www.alhokail.com.sa/wp-content/uploads/2025/10/30-768x576.jpg]
[www.alhokail.com.sa/ar/delay-conception.html]
[alhokail.com.sa/wp-content/uploads/2023/12/الحقن-المجهري.jpg]
[alhokail.com.sa/wp-content/uploads/2023/12/اطفال-الانابيب.jpg]
[www.alhokail.com.sa/ar/laser-hair-removal.html]
[www.alhokail.com.sa/wp-content/uploads/2024/06/Laser-hair-removal-KSA-768x760.png]
[www.alhokail.com.sa/ar/ivf-and-icsi-treatment.html]
[www.alhokail.com.sa/ar/اختبارات-الحساسية-الغذائية-دليلك-الك.html]
[www.alhokail.com.sa/wp-content/uploads/2025/10/35-768x576.jpg]
[www.alhokail.com.sa/ar/تحليل-nipt-الفحص-غير-الجراحي-الذي-يطمئن-كل.html]
[www.alhokail.com.sa/wp-content/uploads/2025/10/11-768x576.jpg]
[www.alhokail.com.sa/ar/genetics-impact-on-the-birth-of-healthy-children.html]
[www.alhokail.com.sa/wp-content/plugins/elementor-pro/assets/css/widget-media-carousel-rtl.min05da.css]
[www.alhokail.com.sa/wp-content/plugins/elementor-pro/assets/css/widget-carousel-module-base-rtl.min05da.css]
[www.alhokail.com.sa/wp-content/plugins/elementor/assets/lib/animations/styles/fadeIn.min05da.css]
[www.alhokail.com.sa/wp-content/uploads/elementor/css/post-40350842.css]
[www.alhokail.com.sa/ar/https_/www.alhokail.com.sa/wp-content/uploads/2025/11/Screenshot-2025-11-02-120824.html]
[www.alhokail.com.sa/ar/https_/www.alhokail.com.sa/wp-content/uploads/2025/11/محمد-العبدالله.html]
[www.alhokail.com.sa/ar/https_/www.alhokail.com.sa/wp-content/uploads/2025/11/راجية.html]
[www.alhokail.com.sa/ar/https_/www.alhokail.com.sa/wp-content/uploads/2025/11/اميرة-جمال.html]
[www.alhokail.com.sa/ar/https_/www.alhokail.com.sa/wp-content/uploads/2025/11/ابرة-السلمون.html]
[alhokail.com.sa/wp-content/uploads/2024/07/Screen-Shot-2024-08-01-at-11.49.29-AM-1024x625.png]
[alhokail.com.sa/wp-content/uploads/2024/07/Screen-Shot-2024-08-01-at-12.11.35-PM-1024x557.png]
[alhokail.com.sa/wp-content/uploads/2024/07/Screen-Shot-2024-08-01-at-12.11.42-PM-1024x557.png]
[alhokail.com.sa/wp-content/uploads/2024/07/Screen-Shot-2024-08-01-at-12.11.58-PM-1024x416.png]
[www.alhokail.com.sa/ar/strabismus-treatment.html]
[www.alhokail.com.sa/wp-content/uploads/2024/05/Eye-treatment-768x515.png]
[www.alhokail.com.sa/wp-content/uploads/2025/10/19-768x576.jpg]
[www.alhokail.com.sa/ar/a-complete-guide-to-laser-hair-removal.html]
[www.alhokail.com.sa/wp-content/uploads/2024/09/how-to-floss-with-braces-768x505.png]
[www.alhokail.com.sa/ar/liver-and-pancreas-surgeries.html]
[www.alhokail.com.sa/wp-content/uploads/2024/04/جراحات-الكبد-والبنكرياس.jpg]
[www.alhokail.com.sa/ar/tips-that-will-help-you-maintain-your-youth.html]
[www.alhokail.com.sa/ar/تحاليل-وظائف-الغدة-الدرقية-دليلك-الكا.html]
[www.alhokail.com.sa/wp-content/uploads/2025/10/34-768x576.jpg]
[www.alhokail.com.sa/ar/كيف-يحافظ-الكولاجين-على-شباب-البشرة؟.html]
[www.alhokail.com.sa/wp-content/uploads/elementor/css/post-4181bbd5.css]
[www.alhokail.com.sa/ar/الخلايا-الجذعية-واستخداماتها-مستقبل.html]
[www.alhokail.com.sa/wp-content/uploads/2025/10/24-768x576.jpg]
[www.alhokail.com.sa/ar/فحص-مستويات-السكر-في-الدم-دليلك-الكامل.html]
[www.alhokail.com.sa/wp-content/uploads/2025/10/4-768x576.jpg]
[www.alhokail.com.sa/ar/dental-implants-without-surgery.html]
[alhokail.com.sa/wp-content/uploads/2024/09/Flossing-with-Braces-the-Traditional-Way.png]
[alhokail.com.sa/wp-content/uploads/2024/09/Flossing-with-Braces.png]
[alhokail.com.sa/wp-content/uploads/2024/09/Flossing-Using-a-Water-Tool.png]
[www.alhokail.com.sa/ar/labia-majora-augmentation.html]
[www.alhokail.com.sa/wp-content/uploads/2024/05/تكبير-الشفرات-الخارجية-للمهبل-768x513.png]
[www.alhokail.com.sa/ar/how-to-floss-with-braces.html]
[www.alhokail.com.sa/ar/hernia.html]
[www.alhokail.com.sa/wp-content/uploads/2024/04/hernia-768x430.png]
[www.alhokail.com.sa/ar/hollywood-smile-before-and-after.html]
[www.alhokail.com.sa/wp-content/uploads/2023/10/header-copy-scaled.jpg]
[www.alhokail.com.sa/wp-content/uploads/elementor/css/post-4331c2b0.css]
[alhokail.com.sa/wp-content/uploads/2024/06/عملية-شد-المؤخرة-البرازيلية.png]
[www.alhokail.com.sa/wp-content/uploads/2024/05/Smart-Capsule-768x509.png]
[www.alhokail.com.sa/ar/everything-about-scalp-psoriasis.html]
[www.alhokail.com.sa/ar/best-hair-implant-clinic-and-doctors.html]
[www.alhokail.com.sa/wp-content/uploads/2024/03/أفضل-عيادة-لزراعة-الشعر-في-السعودية.png]
[www.alhokail.com.sa/ar/brazilian-butt-lift.html]
[www.alhokail.com.sa/ar/everything-you-need-to-know-about-botox/feed]
[www.alhokail.com.sa/ar/crohn-disease.html]
[www.alhokail.com.sa/wp-content/uploads/2024/03/علاج-داء-كرون.jpg]
[www.alhokail.com.sa/ar/everything-you-need-to-know-about-botox.html]
[alhokail.com.sa/wp-content/uploads/2024/06/زراعة-الحواجب.png]
[alhokail.com.sa/wp-content/uploads/2024/06/تجربتي-مع-زراعة-الحواجب.png]
[www.alhokail.com.sa/ar/تجربتي-الشخصية-مع-زراعة-الحواجب-في-الس.html]
[www.alhokail.com.sa/wp-content/plugins/elementor-pro/assets/css/widget-slides-rtl.min05da.css]
[www.alhokail.com.sa/wp-content/uploads/2023/10/Ø§ÙÙØ³Ø§Ø¦ÙØ©-scaled.jpg]
[www.alhokail.com.sa/wp-content/uploads/elementor/css/post-4547c7ad.css]
[www.alhokail.com.sa/wp-content/uploads/2023/10/Ø§ÙØ­Ø¬Ø§ÙØ©-scaled.jpg]
[www.alhokail.com.sa/wp-content/uploads/2023/10/Ø§ÙØ­Ø¬Ø§ÙØ©-1.png]
[www.alhokail.com.sa/wp-content/uploads/elementor/css/post-4542bbc2.css]
[www.alhokail.com.sa/wp-content/uploads/2024/05/image-accordion-11.html]
[www.alhokail.com.sa/ar/زراعة-الأسنان-بدون-جراحة.html]
[www.alhokail.com.sa/wp-content/uploads/2024/05/تحسين-التوازن-الهيكلي-للجسم-768x504.png]
[www.alhokail.com.sa/ar/cupping.html]
[www.alhokail.com.sa/wp-content/uploads/elementor/css/post-9808da66.css]
[www.alhokail.com.sa/ar/الكشف-المبكر-عن-سرطان-الثدي-الوراثي-وغ.html]
[www.alhokail.com.sa/wp-content/uploads/2025/10/26-768x576.jpg]
[www.alhokail.com.sa/ar/التخلص-من-التثدي-بالتمارين.html]
[www.alhokail.com.sa/ar/breast-implant-surgery.html]
[www.alhokail.com.sa/wp-content/uploads/2024/05/تكبير-الصدر-768x357.png]
[www.alhokail.com.sa/ar/causes-of-gynecomastia-in-men.html]
[www.alhokail.com.sa/wp-content/uploads/2024/06/تجربتي-مع-زراعة-الحواجب-لفتاة-768x510.png]
[www.alhokail.com.sa/ar/تحاليل-الدم-الشاملة.html]
[www.alhokail.com.sa/wp-content/uploads/2024/07/2-768x576.jpg]
[www.alhokail.com.sa/ar/necessary-tests-before-marriage.html]
[www.alhokail.com.sa/wp-content/uploads/elementor/css/post-9834d2f0.css]
[www.alhokail.com.sa/ar/orthodontics-types-and-prices.html]
[www.alhokail.com.sa/wp-content/uploads/2024/03/انواع-واسعار-تقويم-الاسنان.png]
[www.alhokail.com.sa/ar/ما-هي-الأذن-الخفاشية-الأذن-الوطواطية.html]
[www.alhokail.com.sa/wp-content/uploads/2024/05/الأذن-الخفاشية-768x507.png]
[www.alhokail.com.sa/ar/jaw-surgery.html]
[alhokail.com.sa/wp-content/uploads/2024/06/Appendix.png]
[www.alhokail.com.sa/ar/اختبارات-الأمراض-المنقولة-جنسيا-دليل.html]
[www.alhokail.com.sa/wp-content/uploads/2025/10/6-768x576.jpg]
[www.alhokail.com.sa/ar/appendix.html]
[www.alhokail.com.sa/ar/breast-reduction-surgery.html]
[www.alhokail.com.sa/wp-content/uploads/2024/05/banner-hair-transplant.jpg]
[www.alhokail.com.sa/wp-content/uploads/2024/05/banner-hair-transplant-768x289.jpg]
[www.alhokail.com.sa/wp-content/uploads/elementor/css/post-98242a3d.css]
[www.alhokail.com.sa/ar/labiaplasty-surgery.html]
[www.alhokail.com.sa/wp-content/uploads/2024/05/Vaginal-stenosis-768x513.png]
[www.alhokail.com.sa/ar/mesotherapy-for-hair.html]
[www.alhokail.com.sa/ar/hair-transplantation/feed]
[www.alhokail.com.sa/wp-content/uploads/2024/09/Flossing-with-Braces-768x571.png]
[www.alhokail.com.sa/ar/hair-transplantation.html]
[www.alhokail.com.sa/ar/hair-transplant-results.html]
[www.alhokail.com.sa/wp-content/uploads/elementor/css/post-984739d5.css]
[www.alhokail.com.sa/ar/lip-contour-filler.html]
[alhokail.com.sa/wp-content/uploads/2024/05/الماء-الأبيض.png]
[www.alhokail.com.sa/wp-content/uploads/2025/10/1-768x576.jpg]
[www.alhokail.com.sa/ar/cataract-procedure.html]
[www.alhokail.com.sa/ar/oral-and-maxillofacial-surgery.html]
[alhokail.com.sa/wp-content/uploads/2024/05/علاج-جفاف-العين-بالقطرة.png]
[www.alhokail.com.sa/ar/loose-labia-and-vaginal-laxity-causes-and-solutions.html]
[www.alhokail.com.sa/wp-content/uploads/2024/05/loose-labia-and-vaginal-laxity-causes-and-solutions-768x432.png]
[www.alhokail.com.sa/ar/dry-eye-treatment.html]
[alhokail.com.sa/wp-content/uploads/2024/05/Dark-Circles-Treatment.png]
[www.alhokail.com.sa/ar/hemorrhoids.html]
[www.alhokail.com.sa/wp-content/uploads/2024/04/علاج-البواسير.jpg]
[www.alhokail.com.sa/ar/dark-circles-treatment.html]
[www.alhokail.com.sa/wp-content/uploads/elementor/css/post-17201cdc3.css]
[www.alhokail.com.sa/ar/دكتورة-فاطمة-الحماد.html]
[www.alhokail.com.sa/ar/دكتور-أحمد-العثمان.html]
[www.alhokail.com.sa/ar/دكتور-عبدالمحسن-الحسن.html]
[www.alhokail.com.sa/ar/tag/أطباء-طب-العيون.html]
[www.alhokail.com.sa/ar/دكتورة-سناء-الحسني.html]
[www.alhokail.com.sa/ar/tag/أطباء-طب-العيون-الدمام.html]
[www.alhokail.com.sa/wp-content/uploads/2023/10/Ø¬Ø±Ø§Ø­Ø§Øª-Ø§ÙØ³ÙÙØ©-scaled.jpg]
[www.alhokail.com.sa/wp-content/uploads/elementor/css/post-4339ab42.css]
[www.alhokail.com.sa/ar/حقن-الدهون-الذاتية.html]
[www.alhokail.com.sa/wp-content/uploads/2024/05/حقن-الدهون-الذاتية-768x431.png]
[www.alhokail.com.sa/wp-content/uploads/2024/07/Screen-Shot-2024-08-01-at-12.22.56-PM-768x406.png]
[www.alhokail.com.sa/ar/عملية-تجميل-الأنف-تعديل-الأنف-في-الس.html]
[www.alhokail.com.sa/wp-content/uploads/2024/05/rhinoplasty-nose-reshaping-768x577.png]
[www.alhokail.com.sa/ar/الكبسولة-الذكية.html]
[alhokail.com.sa/wp-content/uploads/2023/12/مناطق-شفط-الدهون.png]
[www.alhokail.com.sa/ar/أفضل-مختبر-تحاليل-في-السعودية-مختبرات.html]
[www.alhokail.com.sa/wp-content/uploads/2024/07/1-768x576.jpg]
[www.alhokail.com.sa/ar/everything-about-liposuction.html]
[www.alhokail.com.sa/ar/أنواع-زراعة-الأسنان-وأسعارها-في-السعو.html]
[www.alhokail.com.sa/ar/عملية-تكميم-المعدة.html]
[www.alhokail.com.sa/ar/stroke-recovery-stories.html]
[www.alhokail.com.sa/wp-content/uploads/2024/05/دماغ-الانسان-وعلاج-الجلطة-الدماغية-768x381.png]
[www.alhokail.com.sa/ar/bariatric-surgery.html]
[www.alhokail.com.sa/wp-content/uploads/elementor/css/post-32809fa0.css]
[www.alhokail.com.sa/ar/all-about-fractional-laser.html]
[www.alhokail.com.sa/wp-content/uploads/2024/03/فراكشنال-ليزر.jpg]
[www.alhokail.com.sa/ar/lips-supply.html]
[www.alhokail.com.sa/wp-content/uploads/2024/03/laser-lips-768x509.jpg]
[www.alhokail.com.sa/ar/تجميل-الأسنان-والتقويم.html]
[www.alhokail.com.sa/ar/تحاليل-الأمراض-الوراثية-دليلك-الشامل.html]
[www.alhokail.com.sa/wp-content/uploads/2025/10/37-1-768x576.jpg]
[www.alhokail.com.sa/ar/الحقن-المجهرى.html]
[www.alhokail.com.sa/wp-content/uploads/2025/10/40.jpg]
[www.alhokail.com.sa/wp-content/uploads/2025/10/40.2.jpg]
[www.alhokail.com.sa/wp-content/uploads/2025/10/40.1.jpg]
[www.alhokail.com.sa/ar/حساسية-القمح-السيلياك-الأعراض،-التحا.html]
[www.alhokail.com.sa/wp-content/uploads/2025/10/33-768x576.jpg]
[www.alhokail.com.sa/ar/صحة-الشعر-الفحوصات-والتحاليل-التي-تكش.html]
[www.alhokail.com.sa/wp-content/uploads/2025/10/28-768x576.jpg]
[www.alhokail.com.sa/ar/الأخطاء-الشائعة-في-التحاليل-الطبية.html]
[www.alhokail.com.sa/wp-content/uploads/2025/10/39-300x225.jpg]
[www.alhokail.com.sa/wp-content/uploads/2025/10/38-300x225.jpg]
[www.alhokail.com.sa/wp-content/uploads/2025/10/37-1-300x225.jpg]
[www.alhokail.com.sa/ar/خدمات-التحالیل-المنزلیة-في-السعودیة.html]
[www.alhokail.com.sa/wp-content/uploads/2025/10/36-300x225.jpg]
[www.alhokail.com.sa/wp-content/uploads/2025/10/35-300x225.jpg]
[www.alhokail.com.sa/wp-content/uploads/2025/10/34-300x225.jpg]
[www.alhokail.com.sa/wp-content/uploads/2025/10/33-300x225.jpg]
[www.alhokail.com.sa/ar/البروستاتا-الأعراض،-الفحوصات،-وأهمي.html]
[www.alhokail.com.sa/wp-content/uploads/2025/10/32-300x225.jpg]
[www.alhokail.com.sa/wp-content/uploads/2025/10/31-300x225.jpg]
[www.alhokail.com.sa/ar/blogs/2.html]
[www.alhokail.com.sa/wp-content/uploads/2025/10/30-300x225.jpg]
[www.alhokail.com.sa/ar/ادوية-السمنة-الاوزمبيك-و-المنجارو.html]
[www.alhokail.com.sa/wp-content/uploads/2025/10/29-300x225.jpg]
[www.alhokail.com.sa/wp-content/uploads/2025/10/28-300x225.jpg]
[www.alhokail.com.sa/wp-content/uploads/2025/10/27-300x225.jpg]
[www.alhokail.com.sa/wp-content/uploads/2025/10/26-300x225.jpg]
[www.alhokail.com.sa/wp-content/uploads/2025/10/25-300x225.jpg]
[www.alhokail.com.sa/wp-content/uploads/2025/10/24-300x225.jpg]
[www.alhokail.com.sa/ar/الأمراض-المعدية-جنسيا.html]
[www.alhokail.com.sa/wp-content/uploads/2025/10/23-300x225.jpg]
[www.alhokail.com.sa/wp-content/uploads/2025/10/22-300x225.jpg]
[www.alhokail.com.sa/ar/blogs/3.html]
[www.alhokail.com.sa/wp-content/uploads/2025/10/21-300x225.jpg]
[www.alhokail.com.sa/wp-content/uploads/2025/10/20-300x225.jpg]
[www.alhokail.com.sa/wp-content/uploads/2025/10/19-300x225.jpg]
[www.alhokail.com.sa/wp-content/uploads/2025/10/18-300x225.jpg]
[www.alhokail.com.sa/wp-content/uploads/2025/10/17-300x225.jpg]
[www.alhokail.com.sa/wp-content/uploads/2025/10/16-300x225.jpg]
[www.alhokail.com.sa/wp-content/uploads/2025/10/15-300x225.jpg]
[www.alhokail.com.sa/wp-content/uploads/2025/10/14-300x225.jpg]
[www.alhokail.com.sa/ar/أهمية-مؤشر-كتلة-الجسم-على-صحة-الإنسان-د.html]
[www.alhokail.com.sa/wp-content/uploads/2025/10/13-300x225.jpg]
[www.alhokail.com.sa/ar/blogs/4.html]
[www.alhokail.com.sa/wp-content/uploads/2025/10/12-300x225.jpg]
[www.alhokail.com.sa/wp-content/uploads/2025/10/11-300x225.jpg]
[www.alhokail.com.sa/wp-content/uploads/2025/10/10-300x225.jpg]
[www.alhokail.com.sa/wp-content/uploads/2025/10/8-300x225.jpg]
[www.alhokail.com.sa/ar/فحص-مستويات-الدهون-والكوليسترول-دليل.html]
[www.alhokail.com.sa/wp-content/uploads/2025/10/7-300x225.jpg]
[www.alhokail.com.sa/ar/جمال-البشرة-والكولاجين-دليل-شامل-لنضا.html]
[www.alhokail.com.sa/wp-content/uploads/2025/10/9-300x225.jpg]
[www.alhokail.com.sa/wp-content/uploads/2025/10/6-300x225.jpg]
[www.alhokail.com.sa/ar/تحاليل-الحمل-والخصوبة-دليلك-الكامل-لف.html]
[www.alhokail.com.sa/wp-content/uploads/2025/10/5-300x225.jpg]
[www.alhokail.com.sa/wp-content/uploads/2025/10/4-300x225.jpg]
[www.alhokail.com.sa/ar/blogs/5.html]
[www.alhokail.com.sa/ar/تحليل-وظائف-الكبد-والكلى-دليلك-الشامل.html]
[www.alhokail.com.sa/wp-content/uploads/2025/10/3-300x225.jpg]
[www.alhokail.com.sa/ar/تحاليل-الدم-الشاملة-دليلك-لفهم-أهميته.html]
[www.alhokail.com.sa/wp-content/uploads/2025/10/2-300x225.jpg]
[www.alhokail.com.sa/wp-content/uploads/2025/10/1-300x225.jpg]
[www.alhokail.com.sa/wp-content/uploads/2024/07/2-300x225.jpg]
[www.alhokail.com.sa/wp-content/uploads/2024/07/1-300x225.jpg]
[www.alhokail.com.sa/ar/10-tips-لتحليل-وظائف-الكبد-والكلى-دليل-مبسّط.html]
[www.alhokail.com.sa/wp-content/uploads/2024/07/3-300x225.jpg]
[www.alhokail.com.sa/ar/الفيلر.html]
[www.alhokail.com.sa/wp-content/uploads/2024/11/عملية-شد-الوجه-1-300x193.png]
[www.alhokail.com.sa/ar/blogs/6.html]
[www.alhokail.com.sa/ar/intraocular-lens-implant-procedures-and-benefits.html]
[www.alhokail.com.sa/wp-content/uploads/2024/10/intraocular-lens-implant-procedures-and-benefits-300x211.png]
[www.alhokail.com.sa/wp-content/uploads/2024/09/زراعة-الأسنان-بدون-جراحة-300x168.png]
[www.alhokail.com.sa/wp-content/uploads/2024/09/how-to-floss-with-braces-300x197.png]
[www.alhokail.com.sa/wp-content/uploads/2024/07/Screen-Shot-2024-08-01-at-12.22.56-PM-300x158.png]
[www.alhokail.com.sa/wp-content/uploads/2024/05/جراحة-الوجه-والفكين-300x199.png]
[www.alhokail.com.sa/wp-content/uploads/2024/06/mesotherapy-for-hair-300x199.png]
[www.alhokail.com.sa/wp-content/uploads/2024/06/التهاب-الزائدة-الدودية-300x199.png]
[www.alhokail.com.sa/ar/blogs/7.html]
[www.alhokail.com.sa/wp-content/uploads/2024/06/Brazilian-butt-lift-300x200.png]
[www.alhokail.com.sa/wp-content/uploads/2024/06/تأخيرالتثدي-عند-الرجال-علي-الحالة-النفسية-300x144.png]
[www.alhokail.com.sa/wp-content/uploads/2024/06/الحفاظ-على-شبابك-300x199.png]
[www.alhokail.com.sa/ar/facial-fat-injection.html]
[www.alhokail.com.sa/wp-content/uploads/2024/06/التثدي-عند-الرجال-300x224.png]
[www.alhokail.com.sa/wp-content/uploads/2024/06/حقن-البوتكس-300x201.png]
[www.alhokail.com.sa/wp-content/uploads/2023/10/36-300x169.jpg]
[www.alhokail.com.sa/wp-content/uploads/2024/06/تجربتي-مع-زراعة-الحواجب-لفتاة-300x199.png]
[www.alhokail.com.sa/wp-content/uploads/2024/05/حقن-الدهون-الذاتية-300x168.png]
[www.alhokail.com.sa/ar/blogs/8.html]
[www.alhokail.com.sa/ar/brow-lift-surgery.html]
[www.alhokail.com.sa/wp-content/uploads/2024/06/رفع-الحواجب-300x168.png]
[www.alhokail.com.sa/ar/عملية-شد-الحواجب-بالليزر-قبل-وبعد.html]
[www.alhokail.com.sa/wp-content/uploads/2024/06/Eyebrow-lift-300x214.png]
[www.alhokail.com.sa/wp-content/uploads/2024/06/Chin-beautification-300x199.png]
[www.alhokail.com.sa/wp-content/uploads/2024/06/Laser-hair-removal-KSA-300x297.png]
[www.alhokail.com.sa/wp-content/uploads/2024/05/تصغير-الصدر-300x198.png]
[www.alhokail.com.sa/wp-content/uploads/2024/06/Complications-of-breast-reduction-300x200.png]
[www.alhokail.com.sa/wp-content/uploads/2024/06/cleaning-the-skin-300x170.png]
[www.alhokail.com.sa/wp-content/uploads/2024/06/تعديل-الأنف-300x200.png]
[www.alhokail.com.sa/ar/tighten-the-abdomen-and-back.html]
[www.alhokail.com.sa/wp-content/uploads/2024/05/شفط-البطن-مع-الحقن-300x172.png]
[www.alhokail.com.sa/ar/blogs/9.html]
[www.alhokail.com.sa/wp-content/uploads/2024/06/An-image-showing-eyelid-surgery-300x256.png]
[www.alhokail.com.sa/ar/gynecomastia.html]
[www.alhokail.com.sa/wp-content/uploads/2024/06/علاج-التثدي-عند-الرجال-300x168.png]
[www.alhokail.com.sa/wp-content/uploads/2024/06/عملية-تجميل-غمازة-الخد-300x235.png]
[www.alhokail.com.sa/wp-content/uploads/2024/06/Cheek-dimples-300x190.png]
[www.alhokail.com.sa/wp-content/uploads/2024/05/الماء-الأبيض-في-العين-300x169.png]
[www.alhokail.com.sa/wp-content/uploads/2024/05/hollywood-smile-10-300x200.png]
[www.alhokail.com.sa/wp-content/uploads/2024/05/تصغير-الثدي-جراحيا-300x212.png]
[www.alhokail.com.sa/wp-content/uploads/2024/05/تجميل-الاسنان-300x199.png]
[www.alhokail.com.sa/ar/blogs/10.html]
[www.alhokail.com.sa/wp-content/uploads/2025/10/12.jpg]
[www.alhokail.com.sa/wp-content/uploads/2025/10/12.2.jpg]
[www.alhokail.com.sa/wp-content/uploads/2025/10/12.1.jpg]
[www.alhokail.com.sa/ar/الالتهاب-الكبدي-a-b-الفيروسات-الأكثر-ان.html]
[www.alhokail.com.sa/wp-content/uploads/2025/10/8.jpg]
[www.alhokail.com.sa/wp-content/uploads/2025/10/8.2.jpg]
[www.alhokail.com.sa/wp-content/uploads/2025/10/8.1.jpg]
[www.alhokail.com.sa/wp-content/uploads/2024/05/How-does-a-doctor-determine-if-you-are-infertile-768x387.png]
[www.alhokail.com.sa/ar/دليل-جراحة-تجميل-الوجه-في-السعودية.html]
[www.alhokail.com.sa/wp-content/uploads/2024/05/حقن-الدهون-الذاتية-في-الوجه-768x431.png]
[www.alhokail.com.sa/ar/السمنة-وأسبابها-دليل-شامل-لفهم-المشكل.html]
[www.alhokail.com.sa/wp-content/uploads/2024/05/تجميل-الاسنان.png]
[alhokail.com.sa/wp-content/uploads/2024/05/تبييض-الاسنان.png]
[alhokail.com.sa/wp-content/uploads/2024/05/ترميمات-الأسنان.png]
[alhokail.com.sa/wp-content/uploads/2024/05/علاجات-تقويم-الأسنان.png]
[alhokail.com.sa/wp-content/uploads/2024/05/ابتسامة-هوليود.png]
[alhokail.com.sa/wp-content/uploads/2024/05/الرعاية-اللاحقة-لابتسامة-هوليود.png]
[www.alhokail.com.sa/wp-content/uploads/2024/05/hollywood-smile-20.png]
[www.alhokail.com.sa/wp-content/uploads/2024/05/hollywood-smile-11.png]
[www.alhokail.com.sa/wp-content/uploads/2024/05/hollywood-smile-5.png]
[www.alhokail.com.sa/wp-content/uploads/2024/05/hollywood-smile-7.png]
[www.alhokail.com.sa/wp-content/uploads/2024/05/hollywood-smile-1.png]
[www.alhokail.com.sa/wp-content/uploads/2024/05/hollywood-smile-2.png]
[www.alhokail.com.sa/wp-content/uploads/2024/05/hollywood-smile-8.png]
[www.alhokail.com.sa/wp-content/uploads/2024/05/hollywood-smile-9.png]
[www.alhokail.com.sa/wp-content/uploads/2024/05/hollywood-smile-3.png]
[www.alhokail.com.sa/wp-content/uploads/2024/05/hollywood-smile-4.png]
[www.alhokail.com.sa/ar/how-to-get-a-hollywood-smile.html]
[www.alhokail.com.sa/wp-content/uploads/2024/06/An-image-showing-eyelid-surgery.png]
[alhokail.com.sa/wp-content/uploads/2024/06/خيارات-شد-الجفون-الجراحية-وغير-الجراحية.png]
[alhokail.com.sa/wp-content/uploads/2024/06/نتائج-شد-الجفون-قبل-وبعد.png]
[alhokail.com.sa/wp-content/uploads/2024/06/شد-جفن-العين-بدون-جراحة.png]
[www.alhokail.com.sa/ar/blepharoplasty.html]
[www.alhokail.com.sa/ar/esophageal-reflux.html]
[www.alhokail.com.sa/wp-content/uploads/2025/10/38.jpg]
[www.alhokail.com.sa/wp-content/uploads/2025/10/38.2.jpg]
[www.alhokail.com.sa/wp-content/uploads/2025/10/38.1.jpg]
[www.alhokail.com.sa/wp-content/uploads/2024/09/زراعة-الأسنان-بدون-جراحة-768x430.png]
[www.alhokail.com.sa/ar/تحاليل-طبية-شاملة-في-السعودية-فحصك-الك.html]
[www.alhokail.com.sa/wp-content/uploads/2024/05/تصغير-الصدر.png]
[alhokail.com.sa/wp-content/uploads/2024/05/تكبير-الصدر.png]
[www.alhokail.com.sa/ar/urinary-incontinence.html]
[www.alhokail.com.sa/wp-content/uploads/2024/05/علاج-سلس-البول-768x748.png]
[www.alhokail.com.sa/ar/breast-reduction.html]
[www.alhokail.com.sa/wp-content/uploads/2025/10/32-768x576.jpg]
[www.alhokail.com.sa/ar/lightening-sensitive-areas.html]
[www.alhokail.com.sa/wp-content/uploads/2025/10/25.jpg]
[www.alhokail.com.sa/wp-content/uploads/2025/10/25.2.jpg]
[www.alhokail.com.sa/wp-content/uploads/2025/10/25.1.jpg]
[www.alhokail.com.sa/wp-content/uploads/2025/10/36-768x576.jpg]
[www.alhokail.com.sa/wp-content/uploads/2025/10/3-768x576.jpg]
[www.alhokail.com.sa/ar/الزهايمر-فهم-أعمق-للمرض-وتشخيصه-المبك.html]
[www.alhokail.com.sa/wp-content/uploads/2024/05/تجميل-وتكبير-الثدي-جراحيا.png]
[alhokail.com.sa/wp-content/uploads/2024/05/فوائد-تكبير-الثدي.png]
[alhokail.com.sa/wp-content/uploads/2024/05/سيليكون-تكبير-الثدي.png]
[www.alhokail.com.sa/ar/breast-augmentation-is-it-right-for-you.html]
[www.alhokail.com.sa/wp-content/uploads/2024/05/شفط-ونحت-القوام.png]
[www.alhokail.com.sa/ar/body-surgery.html]
[www.alhokail.com.sa/wp-content/uploads/2024/06/Complications-of-breast-reduction.png]
[alhokail.com.sa/wp-content/uploads/2023/10/46.jpg]
[alhokail.com.sa/wp-content/uploads/2024/05/تصغير-الثدي-جراحيا.png]
[www.alhokail.com.sa/wp-content/uploads/2024/07/3-768x576.jpg]
[www.alhokail.com.sa/ar/complications-of-breast-reduction.html]
[www.alhokail.com.sa/ar/فوائد-عمليات-تصغير-الثدي-جراحيا.html]
[www.alhokail.com.sa/wp-content/uploads/2025/10/29-768x576.jpg]
[www.alhokail.com.sa/ar/dental-implant-surgery.html]
[www.alhokail.com.sa/wp-content/uploads/2024/06/Chin-beautification.png]
[www.alhokail.com.sa/ar/hydrafacial.html]
[www.alhokail.com.sa/wp-content/uploads/2024/05/HydraFacial-768x513.png]
[www.alhokail.com.sa/wp-content/uploads/2024/05/نتائج-زراعة-الشعر-قبل-وبعد-768x432.png]
[www.alhokail.com.sa/ar/chin-beautification.html]
[www.alhokail.com.sa/wp-content/uploads/2024/06/تأخيرالتثدي-عند-الرجال-علي-الحالة-النفسية-768x368.png]
[www.alhokail.com.sa/ar/hair-transplant-procedures-and-steps.html]
[www.alhokail.com.sa/wp-content/uploads/2024/05/Lip-contour.png]
[alhokail.com.sa/wp-content/uploads/2024/05/Lips-contour.png]
[www.alhokail.com.sa/wp-content/uploads/2024/06/mesotherapy-for-hair-768x510.png]
[www.alhokail.com.sa/ar/philtrum-contouring.html]
[www.alhokail.com.sa/wp-content/uploads/2025/10/31.jpg]
[www.alhokail.com.sa/wp-content/uploads/2025/10/31.2.jpg]
[www.alhokail.com.sa/wp-content/uploads/2025/10/31.1.jpg]
[www.alhokail.com.sa/wp-content/uploads/2024/05/علاج-الهالات-السوداء-768x514.png]
[www.alhokail.com.sa/ar/فقر-الدم-وأنيميا-الفول-الأسباب،-الأعر.html]
[www.alhokail.com.sa/wp-content/uploads/2024/05/chin-surgery-genioplasty.png]
[www.alhokail.com.sa/ar/chin-surgery-genioplasty.html]
[www.alhokail.com.sa/wp-content/uploads/2024/05/علاج-جفاف-المهبل.png]
[alhokail.com.sa/wp-content/uploads/2024/05/علاج-جفاف-المهبل-والاسباب.png]
[www.alhokail.com.sa/wp-content/uploads/2024/06/Eyebrow-lift-768x548.png]
[www.alhokail.com.sa/ar/vaginal-dryness.html]
[www.alhokail.com.sa/wp-content/uploads/2025/10/14.jpg]
[www.alhokail.com.sa/wp-content/uploads/2025/10/14.2.jpg]
[www.alhokail.com.sa/wp-content/uploads/2025/10/14.1.jpg]
[www.alhokail.com.sa/ar/أهمية-فحوصات-متابعة-الحمل-لصحة-الأم-وا.html]
[www.alhokail.com.sa/ar/onion-juice-benefits-for-hair.html]
[www.alhokail.com.sa/wp-content/uploads/2025/10/5-768x576.jpg]
[www.alhokail.com.sa/ar/esophageal-surgeries.html]
[www.alhokail.com.sa/wp-content/uploads/2024/11/عملية-شد-الوجه-1.png]
[www.alhokail.com.sa/wp-content/uploads/2025/10/2-768x576.jpg]
[www.alhokail.com.sa/wp-content/uploads/2024/10/intraocular-lens-implant-procedures-and-benefits-768x539.png]
[www.alhokail.com.sa/ar/عملية-شد-الوجه.html]
[www.alhokail.com.sa/wp-content/uploads/2024/06/عملية-تجميل-غمازة-الخد.png]
[alhokail.com.sa/wp-content/uploads/2024/06/Cheek-dimples-2.png]
[alhokail.com.sa/wp-content/uploads/2024/06/Cheek-dimple-with-filler.png]
[alhokail.com.sa/wp-content/uploads/2024/06/عملية-الغمازات-بالخيوط-التجميلية.png]
[www.alhokail.com.sa/ar/dimple-surgery.html]
[apps.bc-cdn.net_443/widget.js]
[www.alhokail.com.sa/apple-icon-57x57.png]
[www.alhokail.com.sa/apple-icon-60x60.png]
[www.alhokail.com.sa/wp-content/uploads/elementor/css/post-19320cd81.css]
[www.alhokail.com.sa/wp-content/uploads/elementor/css/post-37798e8b.css]
[www.alhokail.com.sa/ar/الدليل-الشامل-لطب-وجراحة-وتجميل-الأسن/feed]
[www.alhokail.com.sa/wp-content/uploads/2026/03/BG.png]
[www.alhokail.com.sa/wp-content/uploads/2024/06/cleaning-the-skin.png]
[www.alhokail.com.sa/wp-content/uploads/2025/10/18-768x576.jpg]
[www.alhokail.com.sa/ar/gastrointestinal-surgeries.html]
[www.alhokail.com.sa/wp-content/uploads/2024/04/جراحات-الجهاز-الهضمي.jpg]
[www.alhokail.com.sa/ar/clean-your-skin.html]
[www.alhokail.com.sa/ar/tips-after-breast-reduction-surgery.html]
[www.alhokail.com.sa/wp-content/uploads/2024/05/سيليكون-المؤخرة.png]
[alhokail.com.sa/wp-content/uploads/2024/05/التجميل-بواسطة-سيليكون-المؤخرة.png]
[www.alhokail.com.sa/ar/buttock-silicone.html]
[www.alhokail.com.sa/wp-content/uploads/2025/10/10.jpg]
[www.alhokail.com.sa/wp-content/uploads/2025/10/10.2.jpg]
[www.alhokail.com.sa/wp-content/uploads/2025/10/10.1.jpg]
[www.alhokail.com.sa/ar/double-chin-liposuction.html]
[www.alhokail.com.sa/wp-content/uploads/2024/05/شفط-اللغلوغ-768x509.png]
[www.alhokail.com.sa/ar/نقص-فيتامين-أ-وأهميته-للشعر-كل-ما-تحتاج.html]
[www.alhokail.com.sa/ar/vaginal-dryness-2.html]
[www.alhokail.com.sa/wp-content/uploads/2024/03/ulcerative-colitis.png]
[alhokail.com.sa/wp-content/uploads/2024/03/التهاب-القولون-التقرحي.png]
[www.alhokail.com.sa/ar/ulcerative-colitis.html]
[www.alhokail.com.sa/wp-content/uploads/2024/03/تجربتي-مع-زراعة-الاسنان-في-السعودية.png]
[alhokail.com.sa/wp-content/uploads/2024/03/انواع-زراعة-الاسنان-واسعارها.png]
[www.alhokail.com.sa/ar/dental-implants-experience-in-saudi-arabia.html]
[www.alhokail.com.sa/ar/everything-about-hair-transplant.html]
[www.alhokail.com.sa/wp-content/uploads/2025/10/27.jpg]
[www.alhokail.com.sa/wp-content/uploads/2025/10/27.2.jpg]
[www.alhokail.com.sa/wp-content/uploads/2025/10/27.1.jpg]
[www.alhokail.com.sa/ar/الثلاسيميا-الأعراض-والأسباب-وطرق-الت.html]
[www.alhokail.com.sa/wp-content/uploads/2024/06/Cheek-dimples.png]
[www.alhokail.com.sa/ar/cheek-dimples-surgery.html]
[www.alhokail.com.sa/wp-includes/js/mediaelement/mejs-controls.svg]
[www.alhokail.com.sa/wp-content/uploads/2025/10/30.jpg]
[www.alhokail.com.sa/wp-content/uploads/2025/10/30.2.jpg]
[www.alhokail.com.sa/wp-content/uploads/2025/10/30.1.jpg]
[www.alhokail.com.sa/ar/أنواع-السكري-الفرق-بين-الأنواع-وطرق-ال.html]
[www.alhokail.com.sa/wp-content/uploads/2024/06/Laser-hair-removal-KSA.png]
[alhokail.com.sa/wp-content/uploads/2024/06/Laser-hair-removal.png]
[www.alhokail.com.sa/wp-content/uploads/2024/05/علاج-جفاف-العين-768x502.png]
[www.alhokail.com.sa/ar/laser-hair-removal.html]
[www.alhokail.com.sa/wp-content/uploads/2025/10/35.jpg]
[www.alhokail.com.sa/wp-content/uploads/2025/10/35.2.jpg]
[www.alhokail.com.sa/wp-content/uploads/2025/10/35.1.jpg]
[www.alhokail.com.sa/wp-content/uploads/2025/10/9-768x576.jpg]
[www.alhokail.com.sa/ar/اختبارات-الحساسية-الغذائية-دليلك-الك.html]
[www.alhokail.com.sa/wp-content/uploads/2025/10/11.jpg]
[www.alhokail.com.sa/wp-content/uploads/2025/10/11.2.jpg]
[www.alhokail.com.sa/wp-content/uploads/2025/10/11.1.jpg]
[www.alhokail.com.sa/wp-content/uploads/2024/05/فيمتو-ليزك-768x590.png]
[www.alhokail.com.sa/ar/تحليل-nipt-الفحص-غير-الجراحي-الذي-يطمئن-كل.html]
[www.alhokail.com.sa/ar/what-is-femto-lasik.html]
[www.alhokail.com.sa/wp-content/uploads/2024/05/Eye-treatment.png]
[alhokail.com.sa/wp-content/uploads/2024/05/انواع-حول-العين.png]
[alhokail.com.sa/wp-content/uploads/2024/05/حول-العين.png]
[www.alhokail.com.sa/ar/strabismus-treatment.html]
[www.alhokail.com.sa/ar/liver-and-pancreas-surgeries.html]
[www.alhokail.com.sa/wp-content/uploads/2025/10/34.jpg]
[www.alhokail.com.sa/wp-content/uploads/2025/10/34.2.jpg]
[www.alhokail.com.sa/wp-content/uploads/2025/10/34.1.jpg]
[www.alhokail.com.sa/ar/ما-تحتاجين-لمعرفته-حول-تضييق-المهبل.html]
[www.alhokail.com.sa/wp-content/uploads/2024/05/vaginal-tightening-768x511.png]
[www.alhokail.com.sa/ar/تحاليل-وظائف-الغدة-الدرقية-دليلك-الكا.html]
[www.alhokail.com.sa/wp-content/uploads/2025/10/24.jpg]
[www.alhokail.com.sa/wp-content/uploads/2025/10/24.2.jpg]
[www.alhokail.com.sa/wp-content/uploads/2025/10/24.1.jpg]
[www.alhokail.com.sa/ar/الخلايا-الجذعية-واستخداماتها-مستقبل.html]
[www.alhokail.com.sa/wp-content/uploads/2025/10/4.jpg]
[www.alhokail.com.sa/wp-content/uploads/2025/10/4.2.jpg]
[www.alhokail.com.sa/wp-content/uploads/2025/10/4.1.jpg]
[www.alhokail.com.sa/wp-content/uploads/2025/10/20-768x576.jpg]
[www.alhokail.com.sa/ar/فحص-مستويات-السكر-في-الدم-دليلك-الكامل.html]
[www.alhokail.com.sa/wp-content/uploads/2024/05/تكبير-الشفرات-الخارجية-للمهبل.png]
[alhokail.com.sa/wp-content/uploads/2024/05/تكبير-الشفرات-الخارجية-بالفيلر.png]
[www.alhokail.com.sa/ar/best-collagen-for-hair-growth.html]
[www.alhokail.com.sa/wp-content/uploads/2024/03/collagen-hair-growth-768x431.jpg]
[www.alhokail.com.sa/ar/labia-majora-augmentation.html]
[www.alhokail.com.sa/wp-content/uploads/elementor/css/post-20818e16a.css]
[www.alhokail.com.sa/wp-content/uploads/2024/04/hernia.png]
[alhokail.com.sa/wp-content/uploads/2024/04/what-is-hernia.png]
[www.alhokail.com.sa/ar/facial-freshness-needles.html]
[www.alhokail.com.sa/wp-content/uploads/2024/05/إبرة-النضارة-للوجه-768x510.png]
[www.alhokail.com.sa/ar/hernia.html]
[www.alhokail.com.sa/ar/everything-about-scalp-psoriasis.html]
[www.alhokail.com.sa/ar/best-hair-implant-clinic-and-doctors.html]
[www.alhokail.com.sa/wp-content/uploads/2025/10/16-768x576.jpg]
[www.alhokail.com.sa/ar/crohn-disease.html]
[www.alhokail.com.sa/wp-content/uploads/2023/10/Ø§ÙÙØ³Ø§Ø¦ÙØ©-scaled.html]
[www.alhokail.com.sa/wp-content/uploads/2023/10/Ø§ÙØ­Ø¬Ø§ÙØ©-scaled.html]
[www.alhokail.com.sa/wp-content/uploads/2023/10/Ø§ÙØ­Ø¬Ø§ÙØ©-1.html]
[www.alhokail.com.sa/ar/زراعة-الأسنان-بدون-جراحة.html]
[www.alhokail.com.sa/wp-content/uploads/2025/10/26.jpg]
[www.alhokail.com.sa/wp-content/uploads/2025/10/26.2.jpg]
[www.alhokail.com.sa/wp-content/uploads/2025/10/26.1.jpg]
[www.alhokail.com.sa/wp-content/uploads/2025/10/8-768x576.jpg]
[www.alhokail.com.sa/ar/الكشف-المبكر-عن-سرطان-الثدي-الوراثي-وغ.html]
[www.alhokail.com.sa/ar/breast-implant-surgery.html]
[www.alhokail.com.sa/ar/breast-implant-surgery/feed]
[www.alhokail.com.sa/wp-content/uploads/2024/07/2.jpg]
[www.alhokail.com.sa/wp-content/uploads/2025/10/2.1.jpg]
[www.alhokail.com.sa/wp-content/uploads/2024/06/رفع-الحواجب-768x429.png]
[www.alhokail.com.sa/ar/تحاليل-الدم-الشاملة.html]
[alhokail.com.sa/wp-content/uploads/2024/01/تقويم-الاسنان-1024x509.jpg]
[alhokail.com.sa/wp-content/uploads/2024/01/تقويم-الأسنان-المعدني-1024x568.jpg]
[alhokail.com.sa/wp-content/uploads/2024/01/تقويم-الاسنان-الشفاف.jpg]
[www.alhokail.com.sa/ar/orthodontics-types-and-prices.html]
[www.alhokail.com.sa/wp-content/uploads/2024/05/الأذن-الخفاشية.png]
[www.alhokail.com.sa/ar/ما-هي-الأذن-الخفاشية-الأذن-الوطواطية.html]
[www.alhokail.com.sa/wp-content/uploads/2025/10/6.jpg]
[www.alhokail.com.sa/wp-content/uploads/2025/10/6.2.jpg]
[www.alhokail.com.sa/wp-content/uploads/2025/10/6.1.jpg]
[www.alhokail.com.sa/ar/اختبارات-الأمراض-المنقولة-جنسيا-دليل.html]
[www.alhokail.com.sa/ar/breast-reduction-surgery.html]
[www.alhokail.com.sa/wp-content/uploads/2024/05/Vaginal-stenosis.png]
[www.alhokail.com.sa/ar/everything-about-eye-headache.html]
[www.alhokail.com.sa/wp-content/uploads/2024/03/اسباب-صداع-العين.jpg]
[www.alhokail.com.sa/ar/labiaplasty-surgery.html]
[www.alhokail.com.sa/ar/lip-contour-filler.html]
[www.alhokail.com.sa/ar/oral-and-maxillofacial-surgery.html]
[www.alhokail.com.sa/ar/derma-roller-for-hair.html]
[www.alhokail.com.sa/wp-content/uploads/2024/05/loose-labia-and-vaginal-laxity-causes-and-solutions.png]
[alhokail.com.sa/wp-content/uploads/2024/05/الحلول-الجراحية-لمهبل-أقل-صلابة.png]
[alhokail.com.sa/wp-content/uploads/2024/05/فتاة-سعيدة-بعد-تجميل-الشفرين.png]
[www.alhokail.com.sa/ar/loose-labia-and-vaginal-laxity-causes-and-solutions.html]
[www.alhokail.com.sa/ar/hemorrhoids.html]
[www.alhokail.com.sa/ar/tag/أطباء-طب-العيون/feed]
[www.alhokail.com.sa/wp-content/uploads/2023/09/hero-blog.jpg]
[www.alhokail.com.sa/wp-content/uploads/elementor/css/post-17201cdc3.css]
[www.alhokail.com.sa/ar/home-page/index.html]
[www.alhokail.com.sa/ar/دكتورة-فاطمة-الحماد.html]
[www.alhokail.com.sa/wp-content/uploads/elementor/css/post-142861c2b.css]
[www.alhokail.com.sa/ar/دكتور-أحمد-العثمان.html]
[www.alhokail.com.sa/wp-content/uploads/elementor/css/post-14285cd81.css]
[www.alhokail.com.sa/ar/دكتور-عبدالمحسن-الحسن.html]
[www.alhokail.com.sa/wp-content/uploads/elementor/css/post-142849aaa.css]
[www.alhokail.com.sa/ar/دكتورة-سناء-الحسني.html]
[www.alhokail.com.sa/ar/tag/أطباء-طب-العيون-الدمام/feed]
[www.alhokail.com.sa/wp-content/uploads/2023/10/Ø¬Ø±Ø§Ø­Ø§Øª-Ø§ÙØ³ÙÙØ©-scaled.html]
[www.alhokail.com.sa/wp-content/uploads/elementor/css/post-14269de28.css]
[www.alhokail.com.sa/wp-content/uploads/2024/05/حقن-الدهون-الذاتية.png]
[www.alhokail.com.sa/ar/حقن-الدهون-الذاتية.html]
[www.alhokail.com.sa/wp-content/uploads/2024/05/rhinoplasty-nose-reshaping.png]
[alhokail.com.sa/wp-content/uploads/2024/05/rhinoplasty-nose-reshaping-2.png]
[www.alhokail.com.sa/ar/عملية-تجميل-الأنف-تعديل-الأنف-في-الس.html]
[www.alhokail.com.sa/ar/autologous-fat-transfer.html]
[www.alhokail.com.sa/wp-content/uploads/2024/07/1-e1759758666165.jpg]
[www.alhokail.com.sa/wp-content/uploads/2024/07/1.1.jpg]
[www.alhokail.com.sa/ar/أفضل-مختبر-تحاليل-في-السعودية-مختبرات.html]
[www.alhokail.com.sa/ar/أنواع-زراعة-الأسنان-وأسعارها-في-السعو.html]
[www.alhokail.com.sa/ar/عملية-تكميم-المعدة.html]
[www.alhokail.com.sa/wp-content/uploads/2024/05/دماغ-الانسان-وعلاج-الجلطة-الدماغية.png]
[alhokail.com.sa/wp-content/uploads/2024/05/السكتة-الدماغية.png]
[www.alhokail.com.sa/ar/stroke-recovery-stories.html]
[www.alhokail.com.sa/ar/all-about-fractional-laser.html]
[www.alhokail.com.sa/wp-content/uploads/2024/03/laser-lips.jpg]
[alhokail.com.sa/wp-content/uploads/2024/03/image-1024x679.jpg]
[www.alhokail.com.sa/ar/lips-supply.html]
[www.alhokail.com.sa/wp-content/uploads/2025/10/37-1.jpg]
[www.alhokail.com.sa/wp-content/uploads/2025/10/37.2-1.jpg]
[www.alhokail.com.sa/wp-content/uploads/2025/10/37.1-1.jpg]
[www.alhokail.com.sa/ar/تحاليل-الأمراض-الوراثية-دليلك-الشامل.html]
[www.alhokail.com.sa/wp-content/uploads/2025/10/33.jpg]
[www.alhokail.com.sa/wp-content/uploads/2025/10/33.2.jpg]
[www.alhokail.com.sa/wp-content/uploads/2025/10/33.1.jpg]
[www.alhokail.com.sa/wp-content/uploads/2024/06/الحفاظ-على-شبابك-768x509.png]
[www.alhokail.com.sa/ar/حساسية-القمح-السيلياك-الأعراض،-التحا.html]
[www.alhokail.com.sa/wp-content/uploads/2025/10/28.jpg]
[www.alhokail.com.sa/wp-content/uploads/2025/10/28.2.jpg]
[www.alhokail.com.sa/wp-content/uploads/2025/10/28.1.jpg]
[www.alhokail.com.sa/ar/صحة-الشعر-الفحوصات-والتحاليل-التي-تكش.html]
[www.alhokail.com.sa/wp-content/uploads/2025/10/36.jpg]
[www.alhokail.com.sa/wp-content/uploads/2025/10/37.2.jpg]
[www.alhokail.com.sa/wp-content/uploads/2025/10/37.1.jpg]
[www.alhokail.com.sa/ar/خدمات-التحالیل-المنزلیة-في-السعودیة.html]
[www.alhokail.com.sa/wp-content/uploads/2025/10/32.jpg]
[www.alhokail.com.sa/wp-content/uploads/2025/10/32.2.jpg]
[www.alhokail.com.sa/wp-content/uploads/2025/10/32.1.jpg]
[www.alhokail.com.sa/ar/البروستاتا-الأعراض،-الفحوصات،-وأهمي.html]
[www.alhokail.com.sa/ar/blogs/index.html]
[www.alhokail.com.sa/wp-content/uploads/2025/10/29.jpg]
[www.alhokail.com.sa/wp-content/uploads/2025/10/29.2.jpg]
[www.alhokail.com.sa/wp-content/uploads/2025/10/29.1.jpg]
[www.alhokail.com.sa/ar/ادوية-السمنة-الاوزمبيك-و-المنجارو.html]
[www.alhokail.com.sa/wp-content/uploads/2025/10/23.jpg]
[www.alhokail.com.sa/wp-content/uploads/2025/10/23.2.jpg]
[www.alhokail.com.sa/wp-content/uploads/2025/10/23.1.jpg]
[www.alhokail.com.sa/ar/الأمراض-المعدية-جنسيا.html]
[www.alhokail.com.sa/wp-content/uploads/2025/10/13.jpg]
[www.alhokail.com.sa/wp-content/uploads/2025/10/13.2.jpg]
[www.alhokail.com.sa/wp-content/uploads/2025/10/13.1.jpg]
[www.alhokail.com.sa/ar/silicone-breast-implants.html]
[www.alhokail.com.sa/wp-content/uploads/2024/05/حشوات-السيليكون-768x553.png]
[www.alhokail.com.sa/ar/أهمية-مؤشر-كتلة-الجسم-على-صحة-الإنسان-د.html]
[www.alhokail.com.sa/wp-content/uploads/2025/10/7.jpg]
[www.alhokail.com.sa/wp-content/uploads/2025/10/7.2.jpg]
[www.alhokail.com.sa/wp-content/uploads/2025/10/7.1.jpg]
[www.alhokail.com.sa/ar/فحص-مستويات-الدهون-والكوليسترول-دليل.html]
[www.alhokail.com.sa/wp-content/uploads/2025/10/9.jpg]
[www.alhokail.com.sa/wp-content/uploads/2025/10/9.2.jpg]
[www.alhokail.com.sa/wp-content/uploads/2025/10/9.1.jpg]
[www.alhokail.com.sa/ar/جمال-البشرة-والكولاجين-دليل-شامل-لنضا.html]
[www.alhokail.com.sa/wp-content/uploads/2025/10/5.jpg]
[www.alhokail.com.sa/wp-content/uploads/2025/10/5.2.jpg]
[www.alhokail.com.sa/wp-content/uploads/2025/10/5.1.jpg]
[www.alhokail.com.sa/ar/تحاليل-الحمل-والخصوبة-دليلك-الكامل-لف.html]
[www.alhokail.com.sa/wp-content/uploads/2025/10/3.jpg]
[www.alhokail.com.sa/wp-content/uploads/2025/10/3.2-1.jpg]
[www.alhokail.com.sa/wp-content/uploads/2025/10/3.1-1.jpg]
[www.alhokail.com.sa/ar/تحليل-وظائف-الكبد-والكلى-دليلك-الشامل.html]
[www.alhokail.com.sa/wp-content/uploads/2025/10/2.jpg]
[www.alhokail.com.sa/wp-content/uploads/2025/10/2.2.jpg]
[www.alhokail.com.sa/wp-content/uploads/2025/10/2.1-1.jpg]
[www.alhokail.com.sa/ar/تحاليل-الدم-الشاملة-دليلك-لفهم-أهميته.html]
[www.alhokail.com.sa/wp-content/uploads/2024/07/3.jpg]
[www.alhokail.com.sa/wp-content/uploads/2025/10/3.1.jpg]
[www.alhokail.com.sa/wp-content/uploads/2025/10/3.2.jpg]
[www.alhokail.com.sa/ar/10-tips-لتحليل-وظائف-الكبد-والكلى-دليل-مبسّط.html]
[www.alhokail.com.sa/ar/الفيلر.html]
[www.alhokail.com.sa/wp-content/uploads/2024/10/intraocular-lens-implant-procedures-and-benefits.png]
[www.alhokail.com.sa/ar/intraocular-lens-implant-procedures-and-benefits.html]
[alhokail.com.sa/wp-content/uploads/2024/06/Screen-Shot-2024-06-12-at-11.18.43-AM.png]
[alhokail.com.sa/wp-content/uploads/2024/06/Screen-Shot-2024-06-12-at-11.19.00-AM.png]
[alhokail.com.sa/wp-content/uploads/2024/06/Screen-Shot-2024-06-12-at-11.18.25-AM.png]
[www.alhokail.com.sa/wp-content/uploads/2024/06/علاج-التثدي-عند-الرجال-768x431.png]
[www.alhokail.com.sa/ar/facial-fat-injection.html]
[www.alhokail.com.sa/wp-content/uploads/2024/06/رفع-الحواجب.png]
[alhokail.com.sa/wp-content/uploads/2024/06/brow-lift-before-after-1.png]
[www.alhokail.com.sa/ar/brow-lift-surgery.html]
[www.alhokail.com.sa/wp-content/uploads/2024/06/Eyebrow-lift.png]
[alhokail.com.sa/wp-content/uploads/2024/06/brow-lift-before-after-1-300x209.png]
[alhokail.com.sa/wp-content/uploads/2024/06/brow-lift-before-after-2-300x225.png]
[alhokail.com.sa/wp-content/uploads/2024/06/brow-lift-before-after-3-300x231.png]
[www.alhokail.com.sa/ar/عملية-شد-الحواجب-بالليزر-قبل-وبعد.html]
[www.alhokail.com.sa/wp-content/uploads/2024/05/شفط-البطن-مع-الحقن.png]
[www.alhokail.com.sa/ar/tighten-the-abdomen-and-back.html]
[www.alhokail.com.sa/wp-content/uploads/2024/06/علاج-التثدي-عند-الرجال.png]
[www.alhokail.com.sa/ar/gynecomastia.html]
[www.alhokail.com.sa/wp-content/uploads/2024/05/حقن-الدهون-الذاتية-في-الوجه.png]
[www.alhokail.com.sa/ar/دليل-جراحة-تجميل-الوجه-في-السعودية.html]
[www.alhokail.com.sa/wp-content/uploads/2024/05/علاج-سلس-البول.png]
[alhokail.com.sa/wp-content/uploads/2024/05/Screen-Shot-2024-07-07-at-10.22.51-AM.png]
[alhokail.com.sa/wp-content/uploads/2024/05/عيادة.png]
[www.alhokail.com.sa/ar/urinary-incontinence.html]
[www.alhokail.com.sa/wp-content/uploads/elementor/css/post-107650a1f.css]
[www.alhokail.com.sa/wp-content/uploads/2024/05/HydraFacial.png]
[www.alhokail.com.sa/ar/hydrafacial.html]
[www.alhokail.com.sa/wp-content/uploads/2025/10/14-768x576.jpg]
[www.alhokail.com.sa/ar/onion-juice-benefits-for-hair.html]
[alhokail.com.sa/wp-content/uploads/2024/07/Screen-Shot-2024-07-22-at-4.44.50-PM-1024x495.png]
[alhokail.com.sa/wp-content/uploads/2024/07/Screen-Shot-2024-07-22-at-4.47.17-PM-1024x509.png]
[alhokail.com.sa/wp-content/uploads/2024/04/image.jpg]
[www.alhokail.com.sa/ar/diabetic-foot-treatment.html]
[www.alhokail.com.sa/wp-content/uploads/2024/03/علاج-القدم-السكرية-768x384.jpg]
[www.alhokail.com.sa/ar/gastrointestinal-surgeries.html]
[www.alhokail.com.sa/wp-content/uploads/2024/05/شفط-اللغلوغ.png]
[www.alhokail.com.sa/ar/double-chin-liposuction.html]
[www.alhokail.com.sa/ar/everything-about-hair-transplant.html]
[www.alhokail.com.sa/wp-content/uploads/2024/05/فيمتو-ليزك.png]
[www.alhokail.com.sa/wp-content/uploads/2025/10/23-768x576.jpg]
[www.alhokail.com.sa/ar/what-is-femto-lasik.html]
[www.alhokail.com.sa/wp-content/uploads/2024/05/vaginal-tightening.png]
[alhokail.com.sa/wp-content/uploads/2024/05/تضييق-المهبل.png]
[www.alhokail.com.sa/ar/ما-تحتاجين-لمعرفته-حول-تضييق-المهبل.html]
[www.alhokail.com.sa/wp-content/uploads/2024/03/collagen-hair-growth.jpg]
[www.alhokail.com.sa/ar/best-collagen-for-hair-growth.html]
[www.alhokail.com.sa/wp-content/uploads/2024/05/إبرة-النضارة-للوجه.png]
[alhokail.com.sa/wp-content/uploads/2024/05/إبرة-النضارة.png]
[www.alhokail.com.sa/ar/facial-freshness-needles.html]
[www.alhokail.com.sa/wp-content/uploads/elementor/css/post-2511546c4.css]
[www.alhokail.com.sa/ar/everything-about-eye-headache.html]
[www.alhokail.com.sa/wp-content/uploads/2025/10/13-768x576.jpg]
[www.alhokail.com.sa/ar/derma-roller-for-hair.html]
[www.alhokail.com.sa/wp-content/uploads/2023/09/pattern1.jpg]
[www.alhokail.com.sa/wp-content/uploads/elementor/css/post-142861c2b.css]
[www.alhokail.com.sa/wp-content/uploads/elementor/css/post-14285cd81.css]
[www.alhokail.com.sa/wp-content/uploads/elementor/css/post-142849aaa.css]
[www.alhokail.com.sa/wp-content/uploads/elementor/css/post-14269de28.css]
[www.alhokail.com.sa/ar/autologous-fat-transfer.html]
[www.alhokail.com.sa/wp-content/uploads/elementor/css/post-24572a804.css]
[www.alhokail.com.sa/ar/silicone-breast-implants/feed]
[www.alhokail.com.sa/wp-content/uploads/2024/05/حشوات-السيليكون.png]
[www.alhokail.com.sa/ar/silicone-breast-implants.html]
[www.alhokail.com.sa/wp-content/uploads/elementor/css/post-24571bf3b.css]
[www.alhokail.com.sa/wp-content/uploads/elementor/css/post-107650a1f.css]
[www.alhokail.com.sa/wp-content/uploads/2024/03/علاج-القدم-السكرية.jpg]
[www.alhokail.com.sa/ar/diabetic-foot-treatment.html]
[www.alhokail.com.sa/ar/ما-تحتاجين-لمعرفته-حول-تضييق-المهبل/feed]
